Archive member included to satisfy reference by file (symbol)

C:/Users/alberto/.pico-sdk/toolchain/13_2_Rel1/bin/../lib/gcc/arm-none-eabi/13.2.1/thumb/v6-m/nofp\libgcc.a(_dvmd_tls.o)
                              CMakeFiles/projetofinalembarcatech.dir/C_/Users/alberto/.pico-sdk/sdk/1.5.1/src/rp2_common/pico_divider/divider.S.obj (__aeabi_idiv0)
C:/Users/alberto/.pico-sdk/toolchain/13_2_Rel1/bin/../lib/gcc/arm-none-eabi/13.2.1/thumb/v6-m/nofp\libg.a(libc_a-calloc.o)
                              CMakeFiles/projetofinalembarcatech.dir/C_/Users/alberto/.pico-sdk/sdk/1.5.1/src/rp2_common/pico_malloc/pico_malloc.c.obj (calloc)
C:/Users/alberto/.pico-sdk/toolchain/13_2_Rel1/bin/../lib/gcc/arm-none-eabi/13.2.1/thumb/v6-m/nofp\libg.a(libc_a-callocr.o)
                              C:/Users/alberto/.pico-sdk/toolchain/13_2_Rel1/bin/../lib/gcc/arm-none-eabi/13.2.1/thumb/v6-m/nofp\libg.a(libc_a-calloc.o) (_calloc_r)
C:/Users/alberto/.pico-sdk/toolchain/13_2_Rel1/bin/../lib/gcc/arm-none-eabi/13.2.1/thumb/v6-m/nofp\libg.a(libc_a-malloc.o)
                              CMakeFiles/projetofinalembarcatech.dir/C_/Users/alberto/.pico-sdk/sdk/1.5.1/src/rp2_common/pico_malloc/pico_malloc.c.obj (malloc)
C:/Users/alberto/.pico-sdk/toolchain/13_2_Rel1/bin/../lib/gcc/arm-none-eabi/13.2.1/thumb/v6-m/nofp\libg.a(libc_a-mallocr.o)
                              C:/Users/alberto/.pico-sdk/toolchain/13_2_Rel1/bin/../lib/gcc/arm-none-eabi/13.2.1/thumb/v6-m/nofp\libg.a(libc_a-callocr.o) (_malloc_r)
C:/Users/alberto/.pico-sdk/toolchain/13_2_Rel1/bin/../lib/gcc/arm-none-eabi/13.2.1/thumb/v6-m/nofp\libg.a(libc_a-mlock.o)
                              C:/Users/alberto/.pico-sdk/toolchain/13_2_Rel1/bin/../lib/gcc/arm-none-eabi/13.2.1/thumb/v6-m/nofp\libg.a(libc_a-mallocr.o) (__malloc_lock)
C:/Users/alberto/.pico-sdk/toolchain/13_2_Rel1/bin/../lib/gcc/arm-none-eabi/13.2.1/thumb/v6-m/nofp\libg.a(libc_a-rand.o)
                              CMakeFiles/projetofinalembarcatech.dir/projetofinalembarcatech.c.obj (srand)
C:/Users/alberto/.pico-sdk/toolchain/13_2_Rel1/bin/../lib/gcc/arm-none-eabi/13.2.1/thumb/v6-m/nofp\libg.a(libc_a-realloc.o)
                              CMakeFiles/projetofinalembarcatech.dir/C_/Users/alberto/.pico-sdk/sdk/1.5.1/src/rp2_common/pico_malloc/pico_malloc.c.obj (realloc)
C:/Users/alberto/.pico-sdk/toolchain/13_2_Rel1/bin/../lib/gcc/arm-none-eabi/13.2.1/thumb/v6-m/nofp\libg.a(libc_a-reallocr.o)
                              C:/Users/alberto/.pico-sdk/toolchain/13_2_Rel1/bin/../lib/gcc/arm-none-eabi/13.2.1/thumb/v6-m/nofp\libg.a(libc_a-realloc.o) (_realloc_r)
C:/Users/alberto/.pico-sdk/toolchain/13_2_Rel1/bin/../lib/gcc/arm-none-eabi/13.2.1/thumb/v6-m/nofp\libg.a(libc_a-ctype_.o)
                              CMakeFiles/projetofinalembarcatech.dir/inc/ssd1306_i2c.c.obj (_ctype_)
C:/Users/alberto/.pico-sdk/toolchain/13_2_Rel1/bin/../lib/gcc/arm-none-eabi/13.2.1/thumb/v6-m/nofp\libg.a(libc_a-memmove.o)
                              C:/Users/alberto/.pico-sdk/toolchain/13_2_Rel1/bin/../lib/gcc/arm-none-eabi/13.2.1/thumb/v6-m/nofp\libg.a(libc_a-reallocr.o) (memmove)
C:/Users/alberto/.pico-sdk/toolchain/13_2_Rel1/bin/../lib/gcc/arm-none-eabi/13.2.1/thumb/v6-m/nofp\libg.a(libc_a-time.o)
                              CMakeFiles/projetofinalembarcatech.dir/projetofinalembarcatech.c.obj (time)
C:/Users/alberto/.pico-sdk/toolchain/13_2_Rel1/bin/../lib/gcc/arm-none-eabi/13.2.1/thumb/v6-m/nofp\libg.a(libc_a-impure.o)
                              C:/Users/alberto/.pico-sdk/toolchain/13_2_Rel1/bin/../lib/gcc/arm-none-eabi/13.2.1/thumb/v6-m/nofp\libg.a(libc_a-calloc.o) (_impure_ptr)
C:/Users/alberto/.pico-sdk/toolchain/13_2_Rel1/bin/../lib/gcc/arm-none-eabi/13.2.1/thumb/v6-m/nofp\libg.a(libc_a-gettimeofdayr.o)
                              C:/Users/alberto/.pico-sdk/toolchain/13_2_Rel1/bin/../lib/gcc/arm-none-eabi/13.2.1/thumb/v6-m/nofp\libg.a(libc_a-time.o) (_gettimeofday_r)
C:/Users/alberto/.pico-sdk/toolchain/13_2_Rel1/bin/../lib/gcc/arm-none-eabi/13.2.1/thumb/v6-m/nofp\libg.a(libc_a-sbrkr.o)
                              C:/Users/alberto/.pico-sdk/toolchain/13_2_Rel1/bin/../lib/gcc/arm-none-eabi/13.2.1/thumb/v6-m/nofp\libg.a(libc_a-mallocr.o) (_sbrk_r)
C:/Users/alberto/.pico-sdk/toolchain/13_2_Rel1/bin/../lib/gcc/arm-none-eabi/13.2.1/thumb/v6-m/nofp\libg.a(libc_a-errno.o)
                              C:/Users/alberto/.pico-sdk/toolchain/13_2_Rel1/bin/../lib/gcc/arm-none-eabi/13.2.1/thumb/v6-m/nofp\libg.a(libc_a-callocr.o) (__errno)
C:/Users/alberto/.pico-sdk/toolchain/13_2_Rel1/bin/../lib/gcc/arm-none-eabi/13.2.1/thumb/v6-m/nofp\libg.a(libc_a-init.o)
                              C:/Users/alberto/.pico-sdk/toolchain/13_2_Rel1/bin/../lib/gcc/arm-none-eabi/13.2.1/thumb/v6-m/nofp/crt0.o (__libc_init_array)
C:/Users/alberto/.pico-sdk/toolchain/13_2_Rel1/bin/../lib/gcc/arm-none-eabi/13.2.1/thumb/v6-m/nofp\libg.a(libc_a-lock.o)
[...]
Memory Configuration

Name             Origin             Length             Attributes
FLASH            0x10000000         0x00200000         xr
RAM              0x20000000         0x00040000         xrw
SCRATCH_X        0x20040000         0x00001000         xrw
SCRATCH_Y        0x20041000         0x00001000         xrw
*default*        0x00000000         0xffffffff

Linker script and memory map

LOAD C:/Users/alberto/.pico-sdk/toolchain/13_2_Rel1/bin/../lib/gcc/arm-none-eabi/13.2.1/thumb/v6-m/nofp/crti.o
LOAD C:/Users/alberto/.pico-sdk/toolchain/13_2_Rel1/bin/../lib/gcc/arm-none-eabi/13.2.1/thumb/v6-m/nofp/crtbegin.o
LOAD C:/Users/alberto/.pico-sdk/toolchain/13_2_Rel1/bin/../lib/gcc/arm-none-eabi/13.2.1/thumb/v6-m/nofp/crt0.o

.flash_begin    0x10000000        0x0
                0x10000000                        __flash_binary_start = .

.boot2          0x10000000      0x100
                0x10000000                        __boot2_start__ = .
 *(.boot2)
 .boot2         0x10000000      0x100 C:\Users\alberto\AppData\Local\Temp\ccaScdvo.o
                0x10000100                        __boot2_end__ = .
                0x00000001                        ASSERT (((__boot2_end__ - __boot2_start__) == 0x100), ERROR: Pico second stage bootloader must be 256 bytes in size)

.text           0x10000100     0x5968
                0x10000100                        __logical_binary_start = .
 *(.vectors)
 .vectors       0x10000100       0xd4 CMakeFiles/projetofinalembarcatech.dir/C_/Users/alberto/.pico-sdk/sdk/1.5.1/src/rp2_common/pico_standard_link/crt0.S.obj
                0x10000100                __VECTOR_TABLE
                0x10000100                __vectors
                0x100001c0                isr_invalid
                0x100001c0                __default_isrs_start
                0x100001c2                isr_nmi
                0x100001c4                isr_hardfault
                0x100001c6                isr_svcall
                0x100001c8                isr_pendsv
                0x100001ca                isr_systick
                0x100001cc                isr_irq23
                0x100001cc                isr_irq18
                0x100001cc                isr_irq11
                0x100001cc                isr_irq28
                0x100001cc                isr_irq19
                0x100001cc                isr_irq0
                0x100001cc                isr_irq6
                0x100001cc                isr_irq5
                0x100001cc                isr_irq12
                0x100001cc                isr_irq22
                0x100001cc                isr_irq31
                0x100001cc                isr_irq17
                0x100001cc                isr_irq27
                0x100001cc                isr_irq30
                0x100001cc                isr_irq2
                0x100001cc                isr_irq10
                0x100001cc                isr_irq8
                0x100001cc                isr_irq24
                0x100001cc                isr_irq1
                0x100001cc                isr_irq7
                0x100001cc                isr_irq21
                0x100001cc                isr_irq20
                0x100001cc                isr_irq15
                0x100001cc                isr_irq25
                0x100001cc                isr_irq13
                0x100001cc                __unhandled_user_irq
                0x100001cc                isr_irq4
                0x100001cc                isr_irq16
                0x100001cc                isr_irq29
                0x100001cc                isr_irq26
                0x100001cc                __default_isrs_end
                0x100001cc                isr_irq3
                0x100001cc                isr_irq14
                0x100001cc                isr_irq9
                0x100001d2                unhandled_user_irq_num_in_r0
 *(.binary_info_header)
 .binary_info_header
                0x100001d4       0x14 CMakeFiles/projetofinalembarcatech.dir/C_/Users/alberto/.pico-sdk/sdk/1.5.1/src/rp2_common/pico_standard_link/crt0.S.obj
                0x100001e8                        __binary_info_header_end = .
 *(.reset)
 .reset         0x100001e8       0xa0 CMakeFiles/projetofinalembarcatech.dir/C_/Users/alberto/.pico-sdk/sdk/1.5.1/src/rp2_common/pico_standard_link/crt0.S.obj
                0x100001e8                _entry_point
 .reset         0x10000288       0x30 CMakeFiles/projetofinalembarcatech.dir/C_/Users/alberto/.pico-sdk/sdk/1.5.1/src/rp2_common/pico_standard_link/binary_info.c.obj
 *(.init)
 .init          0x100002b8        0x4 C:/Users/alberto/.pico-sdk/toolchain/13_2_Rel1/bin/../lib/gcc/arm-none-eabi/13.2.1/thumb/v6-m/nofp/crti.o
                0x100002b8                _init
 *(EXCLUDE_FILE(*libm.a: *libc.a:*lib_a-mem*.o *libgcc.a:) .text*)
 .text.register_tm_clones
                0x100002bc       0x28 C:/Users/alberto/.pico-sdk/toolchain/13_2_Rel1/bin/../lib/gcc/arm-none-eabi/13.2.1/thumb/v6-m/nofp/crtbegin.o
 .text.frame_dummy
                0x100002e4       0x24 C:/Users/alberto/.pico-sdk/toolchain/13_2_Rel1/bin/../lib/gcc/arm-none-eabi/13.2.1/thumb/v6-m/nofp/crtbegin.o
 .text.sm_config_set_clkdiv
                0x10000308       0x3c CMakeFiles/projetofinalembarcatech.dir/projetofinalembarcatech.c.obj
 .text.pio_get_default_sm_config
                0x10000344       0x28 CMakeFiles/projetofinalembarcatech.dir/projetofinalembarcatech.c.obj
 .text.ws2818b_program_get_default_config
                0x1000036c       0x3c CMakeFiles/projetofinalembarcatech.dir/projetofinalembarcatech.c.obj
 .text.buzzer_interrupt_callback
                0x100003a8       0x30 CMakeFiles/projetofinalembarcatech.dir/projetofinalembarcatech.c.obj
                0x100003a8                buzzer_interrupt_callback
 .text.button_isr_handler
                0x100003d8       0x14 CMakeFiles/projetofinalembarcatech.dir/projetofinalembarcatech.c.obj
                0x100003d8                button_isr_handler
 .text.adc_gpio_init
                0x100003ec       0x1e CMakeFiles/projetofinalembarcatech.dir/projetofinalembarcatech.c.obj
 .text.add_repeating_timer_us
                0x1000040a       0x24 CMakeFiles/projetofinalembarcatech.dir/projetofinalembarcatech.c.obj
 *fill*         0x1000042e        0x2 
 .text.ws2818b_program_init
                0x10000430       0xb8 CMakeFiles/projetofinalembarcatech.dir/projetofinalembarcatech.c.obj
                0x10000430                ws2818b_program_init
 .text.npInit   0x100004e8       0x68 CMakeFiles/projetofinalembarcatech.dir/projetofinalembarcatech.c.obj
                0x100004e8                npInit
 .text.npSetLED
                0x10000550       0x18 CMakeFiles/projetofinalembarcatech.dir/projetofinalembarcatech.c.obj
                0x10000550                npSetLED
 .text.npClear  0x10000568       0x1a CMakeFiles/projetofinalembarcatech.dir/projetofinalembarcatech.c.obj
                0x10000568                npClear
 *fill*         0x10000582        0x2 
 .text.npWrite  0x10000584       0x74 CMakeFiles/projetofinalembarcatech.dir/projetofinalembarcatech.c.obj
                0x10000584                npWrite
 .text.main     0x100005f8      0x4dc CMakeFiles/projetofinalembarcatech.dir/projetofinalembarcatech.c.obj
                0x100005f8                main
 .text.calculate_render_area_buffer_length
                0x10000ad4       0x16 CMakeFiles/projetofinalembarcatech.dir/inc/ssd1306_i2c.c.obj
                0x10000ad4                calculate_render_area_buffer_length
 *fill*         0x10000aea        0x2 
 .text.ssd1306_send_command
                0x10000aec       0x24 CMakeFiles/projetofinalembarcatech.dir/inc/ssd1306_i2c.c.obj
                0x10000aec                ssd1306_send_command
 .text.ssd1306_send_command_list
                0x10000b10       0x18 CMakeFiles/projetofinalembarcatech.dir/inc/ssd1306_i2c.c.obj
                0x10000b10                ssd1306_send_command_list
 .text.ssd1306_send_buffer
                0x10000b28       0x40 CMakeFiles/projetofinalembarcatech.dir/inc/ssd1306_i2c.c.obj
                0x10000b28                ssd1306_send_buffer
 .text.ssd1306_init
                0x10000b68       0x2c CMakeFiles/projetofinalembarcatech.dir/inc/ssd1306_i2c.c.obj
                0x10000b68                ssd1306_init
 .text.render_on_display
                0x10000b94       0x36 CMakeFiles/projetofinalembarcatech.dir/inc/ssd1306_i2c.c.obj
                0x10000b94                render_on_display
 *fill*         0x10000bca        0x2 
 .text.ssd1306_draw_char
                0x10000bcc       0x70 CMakeFiles/projetofinalembarcatech.dir/inc/ssd1306_i2c.c.obj
                0x10000bcc                ssd1306_draw_char
 .text.ssd1306_draw_string
                0x10000c3c       0x2c CMakeFiles/projetofinalembarcatech.dir/inc/ssd1306_i2c.c.obj
                0x10000c3c                ssd1306_draw_string
 .text.gpio_set_function
                0x10000c68       0x30 CMakeFiles/projetofinalembarcatech.dir/C_/Users/alberto/.pico-sdk/sdk/1.5.1/src/rp2_common/hardware_gpio/gpio.c.obj
                0x10000c68                gpio_set_function
 .text.gpio_set_pulls
                0x10000c98       0x34 CMakeFiles/projetofinalembarcatech.dir/C_/Users/alberto/.pico-sdk/sdk/1.5.1/src/rp2_common/hardware_gpio/gpio.c.obj
                0x10000c98                gpio_set_pulls
 .text.gpio_set_irq_callback
                0x10000ccc       0x48 CMakeFiles/projetofinalembarcatech.dir/C_/Users/alberto/.pico-sdk/sdk/1.5.1/src/rp2_common/hardware_gpio/gpio.c.obj
                0x10000ccc                gpio_set_irq_callback
 .text.gpio_acknowledge_irq
                0x10000d14       0x18 CMakeFiles/projetofinalembarcatech.dir/C_/Users/alberto/.pico-sdk/sdk/1.5.1/src/rp2_common/hardware_gpio/gpio.c.obj
                0x10000d14                gpio_acknowledge_irq
 .text._gpio_set_irq_enabled
                0x10000d2c       0x34 CMakeFiles/projetofinalembarcatech.dir/C_/Users/alberto/.pico-sdk/sdk/1.5.1/src/rp2_common/hardware_gpio/gpio.c.obj
 .text.gpio_set_irq_enabled
                0x10000d60       0x20 CMakeFiles/projetofinalembarcatech.dir/C_/Users/alberto/.pico-sdk/sdk/1.5.1/src/rp2_common/hardware_gpio/gpio.c.obj
                0x10000d60                gpio_set_irq_enabled
 .text.gpio_set_irq_enabled_with_callback
                0x10000d80       0x20 CMakeFiles/projetofinalembarcatech.dir/C_/Users/alberto/.pico-sdk/sdk/1.5.1/src/rp2_common/hardware_gpio/gpio.c.obj
                0x10000d80                gpio_set_irq_enabled_with_callback
 .text.gpio_default_irq_handler
                0x10000da0       0x98 CMakeFiles/projetofinalembarcatech.dir/C_/Users/alberto/.pico-sdk/sdk/1.5.1/src/rp2_common/hardware_gpio/gpio.c.obj
 .text.gpio_set_input_enabled
                0x10000e38       0x30 CMakeFiles/projetofinalembarcatech.dir/C_/Users/alberto/.pico-sdk/sdk/1.5.1/src/rp2_common/hardware_gpio/gpio.c.obj
                0x10000e38                gpio_set_input_enabled
 .text.gpio_init
                0x10000e68       0x16 CMakeFiles/projetofinalembarcatech.dir/C_/Users/alberto/.pico-sdk/sdk/1.5.1/src/rp2_common/hardware_gpio/gpio.c.obj
                0x10000e68                gpio_init
 *fill*         0x10000e7e        0x2 
 .text.running_on_fpga
                0x10000e80       0x14 CMakeFiles/projetofinalembarcatech.dir/C_/Users/alberto/.pico-sdk/sdk/1.5.1/src/rp2_common/pico_platform/platform.c.obj
                0x10000e80                running_on_fpga
 .text.hw_claim_lock
                0x10000e94       0x18 CMakeFiles/projetofinalembarcatech.dir/C_/Users/alberto/.pico-sdk/sdk/1.5.1/src/rp2_common/hardware_claim/claim.c.obj
                0x10000e94                hw_claim_lock
 .text.hw_claim_unlock
                0x10000eac       0x14 CMakeFiles/projetofinalembarcatech.dir/C_/Users/alberto/.pico-sdk/sdk/1.5.1/src/rp2_common/hardware_claim/claim.c.obj
                0x10000eac                hw_claim_unlock
 .text.hw_claim_or_assert
                0x10000ec0       0x32 CMakeFiles/projetofinalembarcatech.dir/C_/Users/alberto/.pico-sdk/sdk/1.5.1/src/rp2_common/hardware_claim/claim.c.obj
                0x10000ec0                hw_claim_or_assert
 .text.hw_claim_unused_from_range
                0x10000ef2       0x50 CMakeFiles/projetofinalembarcatech.dir/C_/Users/alberto/.pico-sdk/sdk/1.5.1/src/rp2_common/hardware_claim/claim.c.obj
                0x10000ef2                hw_claim_unused_from_range
 *fill*         0x10000f42        0x2 
 .text.spin_locks_reset
                0x10000f44       0x20 CMakeFiles/projetofinalembarcatech.dir/C_/Users/alberto/.pico-sdk/sdk/1.5.1/src/rp2_common/hardware_sync/sync.c.obj
                0x10000f44                spin_locks_reset
 .text.next_striped_spin_lock_num
                0x10000f64       0x1c CMakeFiles/projetofinalembarcatech.dir/C_/Users/alberto/.pico-sdk/sdk/1.5.1/src/rp2_common/hardware_sync/sync.c.obj
                0x10000f64                next_striped_spin_lock_num
 .text.set_raw_irq_handler_and_unlock
                0x10000f80       0x28 CMakeFiles/projetofinalembarcatech.dir/C_/Users/alberto/.pico-sdk/sdk/1.5.1/src/rp2_common/hardware_irq/irq.c.obj
 .text.resolve_branch
                0x10000fa8       0x30 CMakeFiles/projetofinalembarcatech.dir/C_/Users/alberto/.pico-sdk/sdk/1.5.1/src/rp2_common/hardware_irq/irq.c.obj
 .text.make_branch
                0x10000fd8       0x48 CMakeFiles/projetofinalembarcatech.dir/C_/Users/alberto/.pico-sdk/sdk/1.5.1/src/rp2_common/hardware_irq/irq.c.obj
 .text.insert_branch_and_link
                0x10001020       0x40 CMakeFiles/projetofinalembarcatech.dir/C_/Users/alberto/.pico-sdk/sdk/1.5.1/src/rp2_common/hardware_irq/irq.c.obj
 .text.irq_is_enabled
                0x10001060       0x18 CMakeFiles/projetofinalembarcatech.dir/C_/Users/alberto/.pico-sdk/sdk/1.5.1/src/rp2_common/hardware_irq/irq.c.obj
                0x10001060                irq_is_enabled
 .text.irq_set_mask_enabled
                0x10001078       0x20 CMakeFiles/projetofinalembarcatech.dir/C_/Users/alberto/.pico-sdk/sdk/1.5.1/src/rp2_common/hardware_irq/irq.c.obj
                0x10001078                irq_set_mask_enabled
 .text.irq_set_enabled
                0x10001098        0xe CMakeFiles/projetofinalembarcatech.dir/C_/Users/alberto/.pico-sdk/sdk/1.5.1/src/rp2_common/hardware_irq/irq.c.obj
                0x10001098                irq_set_enabled
 *fill*         0x100010a6        0x2 
 .text.irq_get_vtable_handler
                0x100010a8       0x10 CMakeFiles/projetofinalembarcatech.dir/C_/Users/alberto/.pico-sdk/sdk/1.5.1/src/rp2_common/hardware_irq/irq.c.obj
                0x100010a8                irq_get_vtable_handler
 .text.irq_set_exclusive_handler
                0x100010b8       0x54 CMakeFiles/projetofinalembarcatech.dir/C_/Users/alberto/.pico-sdk/sdk/1.5.1/src/rp2_common/hardware_irq/irq.c.obj
                0x100010b8                irq_set_exclusive_handler
 .text.irq_add_shared_handler
                0x1000110c      0x210 CMakeFiles/projetofinalembarcatech.dir/C_/Users/alberto/.pico-sdk/sdk/1.5.1/src/rp2_common/hardware_irq/irq.c.obj
                0x1000110c                irq_add_shared_handler
 .text.irq_remove_handler
                0x1000131c      0x188 CMakeFiles/projetofinalembarcatech.dir/C_/Users/alberto/.pico-sdk/sdk/1.5.1/src/rp2_common/hardware_irq/irq.c.obj
                0x1000131c                irq_remove_handler
 .text.irq_add_tail_to_free_list
                0x100014a4       0xf0 CMakeFiles/projetofinalembarcatech.dir/C_/Users/alberto/.pico-sdk/sdk/1.5.1/src/rp2_common/hardware_irq/irq.c.obj
                0x100014a4                irq_add_tail_to_free_list
 .text.irq_init_priorities
                0x10001594       0x1c CMakeFiles/projetofinalembarcatech.dir/C_/Users/alberto/.pico-sdk/sdk/1.5.1/src/rp2_common/hardware_irq/irq.c.obj
                0x10001594                irq_init_priorities
 .text.lock_init
                0x100015b0       0x10 CMakeFiles/projetofinalembarcatech.dir/C_/Users/alberto/.pico-sdk/sdk/1.5.1/src/common/pico_sync/lock_core.c.obj
                0x100015b0                lock_init
 .text.mutex_init
                0x100015c0       0x1a CMakeFiles/projetofinalembarcatech.dir/C_/Users/alberto/.pico-sdk/sdk/1.5.1/src/common/pico_sync/mutex.c.obj
                0x100015c0                mutex_init
 .text.recursive_mutex_init
                0x100015da       0x1e CMakeFiles/projetofinalembarcatech.dir/C_/Users/alberto/.pico-sdk/sdk/1.5.1/src/common/pico_sync/mutex.c.obj
                0x100015da                recursive_mutex_init
 .text.time_reached
                0x100015f8       0x28 CMakeFiles/projetofinalembarcatech.dir/C_/Users/alberto/.pico-sdk/sdk/1.5.1/src/common/pico_time/time.c.obj
 .text.get_entry
                0x10001620       0x38 CMakeFiles/projetofinalembarcatech.dir/C_/Users/alberto/.pico-sdk/sdk/1.5.1/src/common/pico_time/time.c.obj
 .text.timer_pool_entry_comparator
                0x10001658       0x2e CMakeFiles/projetofinalembarcatech.dir/C_/Users/alberto/.pico-sdk/sdk/1.5.1/src/common/pico_time/time.c.obj
                0x10001658                timer_pool_entry_comparator
 *fill*         0x10001686        0x2 
 .text.update_us_since_boot
                0x10001688       0x24 CMakeFiles/projetofinalembarcatech.dir/C_/Users/alberto/.pico-sdk/sdk/1.5.1/src/common/pico_time/time.c.obj
 .text.delayed_by_us
                0x100016ac       0x34 CMakeFiles/projetofinalembarcatech.dir/C_/Users/alberto/.pico-sdk/sdk/1.5.1/src/common/pico_time/time.c.obj
 .text.ph_get_node
                0x100016e0       0x30 CMakeFiles/projetofinalembarcatech.dir/C_/Users/alberto/.pico-sdk/sdk/1.5.1/src/common/pico_time/time.c.obj
 .text.ph_contains_node
                0x10001710       0x1e CMakeFiles/projetofinalembarcatech.dir/C_/Users/alberto/.pico-sdk/sdk/1.5.1/src/common/pico_time/time.c.obj
 .text.ph_new_node
                0x1000172e       0x28 CMakeFiles/projetofinalembarcatech.dir/C_/Users/alberto/.pico-sdk/sdk/1.5.1/src/common/pico_time/time.c.obj
 *fill*         0x10001756        0x2 
 .text.ph_add_child_node
                0x10001758       0x6c CMakeFiles/projetofinalembarcatech.dir/C_/Users/alberto/.pico-sdk/sdk/1.5.1/src/common/pico_time/time.c.obj
 .text.ph_merge_nodes
                0x100017c4       0x3e CMakeFiles/projetofinalembarcatech.dir/C_/Users/alberto/.pico-sdk/sdk/1.5.1/src/common/pico_time/time.c.obj
 *fill*         0x10001802        0x2 
 .text.ph_insert_node
                0x10001804       0x3c CMakeFiles/projetofinalembarcatech.dir/C_/Users/alberto/.pico-sdk/sdk/1.5.1/src/common/pico_time/time.c.obj
 .text.ph_free_node
                0x10001840       0x5c CMakeFiles/projetofinalembarcatech.dir/C_/Users/alberto/.pico-sdk/sdk/1.5.1/src/common/pico_time/time.c.obj
 .text.get_entry_id_high
                0x1000189c       0x30 CMakeFiles/projetofinalembarcatech.dir/C_/Users/alberto/.pico-sdk/sdk/1.5.1/src/common/pico_time/time.c.obj
 .text.repeating_timer_callback
                0x100018cc       0x40 CMakeFiles/projetofinalembarcatech.dir/C_/Users/alberto/.pico-sdk/sdk/1.5.1/src/common/pico_time/time.c.obj
 .text.alarm_pool_post_alloc_init
                0x1000190c       0x40 CMakeFiles/projetofinalembarcatech.dir/C_/Users/alberto/.pico-sdk/sdk/1.5.1/src/common/pico_time/time.c.obj
 .text.sleep_until_callback
                0x1000194c       0x30 CMakeFiles/projetofinalembarcatech.dir/C_/Users/alberto/.pico-sdk/sdk/1.5.1/src/common/pico_time/time.c.obj
 .text.get_absolute_time
                0x1000197c       0x22 CMakeFiles/projetofinalembarcatech.dir/C_/Users/alberto/.pico-sdk/sdk/1.5.1/src/common/pico_time/time.c.obj
 .text.make_timeout_time_us
                0x1000199e       0x24 CMakeFiles/projetofinalembarcatech.dir/C_/Users/alberto/.pico-sdk/sdk/1.5.1/src/common/pico_time/time.c.obj
 *fill*         0x100019c2        0x2 
 .text.add_alarm_under_lock
                0x100019c4       0x94 CMakeFiles/projetofinalembarcatech.dir/C_/Users/alberto/.pico-sdk/sdk/1.5.1/src/common/pico_time/time.c.obj
 .text.alarm_pool_alarm_callback
                0x10001a58      0x210 CMakeFiles/projetofinalembarcatech.dir/C_/Users/alberto/.pico-sdk/sdk/1.5.1/src/common/pico_time/time.c.obj
 .text.alarm_pool_init_default
                0x10001c68       0x40 CMakeFiles/projetofinalembarcatech.dir/C_/Users/alberto/.pico-sdk/sdk/1.5.1/src/common/pico_time/time.c.obj
                0x10001c68                alarm_pool_init_default
 .text.alarm_pool_get_default
                0x10001ca8       0x2c CMakeFiles/projetofinalembarcatech.dir/C_/Users/alberto/.pico-sdk/sdk/1.5.1/src/common/pico_time/time.c.obj
                0x10001ca8                alarm_pool_get_default
 .text.alarm_pool_add_alarm_at
                0x10001cd4      0x10e CMakeFiles/projetofinalembarcatech.dir/C_/Users/alberto/.pico-sdk/sdk/1.5.1/src/common/pico_time/time.c.obj
                0x10001cd4                alarm_pool_add_alarm_at
 .text.add_alarm_at
                0x10001de2       0x2e CMakeFiles/projetofinalembarcatech.dir/C_/Users/alberto/.pico-sdk/sdk/1.5.1/src/common/pico_time/time.c.obj
 .text.alarm_pool_cancel_alarm
                0x10001e10       0xa8 CMakeFiles/projetofinalembarcatech.dir/C_/Users/alberto/.pico-sdk/sdk/1.5.1/src/common/pico_time/time.c.obj
                0x10001e10                alarm_pool_cancel_alarm
 .text.cancel_alarm
                0x10001eb8       0x10 CMakeFiles/projetofinalembarcatech.dir/C_/Users/alberto/.pico-sdk/sdk/1.5.1/src/common/pico_time/time.c.obj
 .text.alarm_pool_add_repeating_timer_us
                0x10001ec8       0x5c CMakeFiles/projetofinalembarcatech.dir/C_/Users/alberto/.pico-sdk/sdk/1.5.1/src/common/pico_time/time.c.obj
                0x10001ec8                alarm_pool_add_repeating_timer_us
 .text.cancel_repeating_timer
                0x10001f24       0x1a CMakeFiles/projetofinalembarcatech.dir/C_/Users/alberto/.pico-sdk/sdk/1.5.1/src/common/pico_time/time.c.obj
                0x10001f24                cancel_repeating_timer
 *fill*         0x10001f3e        0x2 
 .text.sleep_until
                0x10001f40       0xb0 CMakeFiles/projetofinalembarcatech.dir/C_/Users/alberto/.pico-sdk/sdk/1.5.1/src/common/pico_time/time.c.obj
                0x10001f40                sleep_until
 .text.sleep_us
                0x10001ff0       0x1a CMakeFiles/projetofinalembarcatech.dir/C_/Users/alberto/.pico-sdk/sdk/1.5.1/src/common/pico_time/time.c.obj
                0x10001ff0                sleep_us
 .text.sleep_ms
                0x1000200a       0x14 CMakeFiles/projetofinalembarcatech.dir/C_/Users/alberto/.pico-sdk/sdk/1.5.1/src/common/pico_time/time.c.obj
                0x1000200a                sleep_ms
 *fill*         0x1000201e        0x2 
 .text.best_effort_wfe_or_timeout
                0x10002020       0x44 CMakeFiles/projetofinalembarcatech.dir/C_/Users/alberto/.pico-sdk/sdk/1.5.1/src/common/pico_time/time.c.obj
                0x10002020                best_effort_wfe_or_timeout
 .text.hardware_alarm_irq_handler
                0x10002064       0x8c CMakeFiles/projetofinalembarcatech.dir/C_/Users/alberto/.pico-sdk/sdk/1.5.1/src/rp2_common/hardware_timer/timer.c.obj
 .text.hardware_alarm_claim
                0x100020f0       0x18 CMakeFiles/projetofinalembarcatech.dir/C_/Users/alberto/.pico-sdk/sdk/1.5.1/src/rp2_common/hardware_timer/timer.c.obj
                0x100020f0                hardware_alarm_claim
 .text.time_us_64
                0x10002108       0x18 CMakeFiles/projetofinalembarcatech.dir/C_/Users/alberto/.pico-sdk/sdk/1.5.1/src/rp2_common/hardware_timer/timer.c.obj
                0x10002108                time_us_64
 .text.busy_wait_until
                0x10002120       0x28 CMakeFiles/projetofinalembarcatech.dir/C_/Users/alberto/.pico-sdk/sdk/1.5.1/src/rp2_common/hardware_timer/timer.c.obj
                0x10002120                busy_wait_until
 .text.hardware_alarm_set_callback
                0x10002148       0x90 CMakeFiles/projetofinalembarcatech.dir/C_/Users/alberto/.pico-sdk/sdk/1.5.1/src/rp2_common/hardware_timer/timer.c.obj
                0x10002148                hardware_alarm_set_callback
 .text.hardware_alarm_set_target
                0x100021d8       0xe8 CMakeFiles/projetofinalembarcatech.dir/C_/Users/alberto/.pico-sdk/sdk/1.5.1/src/rp2_common/hardware_timer/timer.c.obj
                0x100021d8                hardware_alarm_set_target
 .text.hardware_alarm_cancel
                0x100022c0       0x40 CMakeFiles/projetofinalembarcatech.dir/C_/Users/alberto/.pico-sdk/sdk/1.5.1/src/rp2_common/hardware_timer/timer.c.obj
                0x100022c0                hardware_alarm_cancel
 .text.ph_get_node
                0x10002300       0x30 CMakeFiles/projetofinalembarcatech.dir/C_/Users/alberto/.pico-sdk/sdk/1.5.1/src/common/pico_util/pheap.c.obj
 .text.ph_add_child_node
                0x10002330       0x6c CMakeFiles/projetofinalembarcatech.dir/C_/Users/alberto/.pico-sdk/sdk/1.5.1/src/common/pico_util/pheap.c.obj
 .text.ph_merge_nodes
                0x1000239c       0x3e CMakeFiles/projetofinalembarcatech.dir/C_/Users/alberto/.pico-sdk/sdk/1.5.1/src/common/pico_util/pheap.c.obj
 .text.ph_clear
                0x100023da       0x34 CMakeFiles/projetofinalembarcatech.dir/C_/Users/alberto/.pico-sdk/sdk/1.5.1/src/common/pico_util/pheap.c.obj
                0x100023da                ph_clear
 .text.ph_post_alloc_init
                0x1000240e        0xe CMakeFiles/projetofinalembarcatech.dir/C_/Users/alberto/.pico-sdk/sdk/1.5.1/src/common/pico_util/pheap.c.obj
                0x1000240e                ph_post_alloc_init
 .text.ph_merge_two_pass
                0x1000241c       0x5c CMakeFiles/projetofinalembarcatech.dir/C_/Users/alberto/.pico-sdk/sdk/1.5.1/src/common/pico_util/pheap.c.obj
                0x1000241c                ph_merge_two_pass
 .text.ph_remove_any_head
                0x10002478       0xc0 CMakeFiles/projetofinalembarcatech.dir/C_/Users/alberto/.pico-sdk/sdk/1.5.1/src/common/pico_util/pheap.c.obj
 .text.ph_remove_head
                0x10002538       0x14 CMakeFiles/projetofinalembarcatech.dir/C_/Users/alberto/.pico-sdk/sdk/1.5.1/src/common/pico_util/pheap.c.obj
                0x10002538                ph_remove_head
 .text.ph_remove_and_free_node
                0x1000254c       0xa0 CMakeFiles/projetofinalembarcatech.dir/C_/Users/alberto/.pico-sdk/sdk/1.5.1/src/common/pico_util/pheap.c.obj
                0x1000254c                ph_remove_and_free_node
 .text.clock_configure
                0x100025ec      0x108 CMakeFiles/projetofinalembarcatech.dir/C_/Users/alberto/.pico-sdk/sdk/1.5.1/src/rp2_common/hardware_clocks/clocks.c.obj
                0x100025ec                clock_configure
 .text.clocks_init
                0x100026f4      0x100 CMakeFiles/projetofinalembarcatech.dir/C_/Users/alberto/.pico-sdk/sdk/1.5.1/src/rp2_common/hardware_clocks/clocks.c.obj
                0x100026f4                clocks_init
 .text.clock_get_hz
                0x100027f4        0xc CMakeFiles/projetofinalembarcatech.dir/C_/Users/alberto/.pico-sdk/sdk/1.5.1/src/rp2_common/hardware_clocks/clocks.c.obj
                0x100027f4                clock_get_hz
 .text.pll_init
                0x10002800      0x120 CMakeFiles/projetofinalembarcatech.dir/C_/Users/alberto/.pico-sdk/sdk/1.5.1/src/rp2_common/hardware_pll/pll.c.obj
                0x10002800                pll_init
 .text.watchdog_start_tick
                0x10002920       0x10 CMakeFiles/projetofinalembarcatech.dir/C_/Users/alberto/.pico-sdk/sdk/1.5.1/src/rp2_common/hardware_watchdog/watchdog.c.obj
                0x10002920                watchdog_start_tick
 .text.xosc_init
                0x10002930       0x28 CMakeFiles/projetofinalembarcatech.dir/C_/Users/alberto/.pico-sdk/sdk/1.5.1/src/rp2_common/hardware_xosc/xosc.c.obj
                0x10002930                xosc_init
 .text._exit    0x10002958        0x4 CMakeFiles/projetofinalembarcatech.dir/C_/Users/alberto/.pico-sdk/sdk/1.5.1/src/rp2_common/pico_runtime/runtime.c.obj
                0x10002958                _exit
 .text._sbrk    0x1000295c       0x38 CMakeFiles/projetofinalembarcatech.dir/C_/Users/alberto/.pico-sdk/sdk/1.5.1/src/rp2_common/pico_runtime/runtime.c.obj
                0x1000295c                _sbrk
 .text.exit     0x10002994        0x6 CMakeFiles/projetofinalembarcatech.dir/C_/Users/alberto/.pico-sdk/sdk/1.5.1/src/rp2_common/pico_runtime/runtime.c.obj
                0x10002994                exit
 *fill*         0x1000299a        0x2 
 .text.__assert_func
                0x1000299c       0x38 CMakeFiles/projetofinalembarcatech.dir/C_/Users/alberto/.pico-sdk/sdk/1.5.1/src/rp2_common/pico_runtime/runtime.c.obj
                0x1000299c                __assert_func
 .text.runtime_init
                0x100029d4       0xf8 CMakeFiles/projetofinalembarcatech.dir/C_/Users/alberto/.pico-sdk/sdk/1.5.1/src/rp2_common/pico_runtime/runtime.c.obj
                0x100029d4                runtime_init
 .text.update_us_since_boot
                0x10002acc       0x24 CMakeFiles/projetofinalembarcatech.dir/C_/Users/alberto/.pico-sdk/sdk/1.5.1/src/rp2_common/pico_runtime/runtime.c.obj
 .text.get_absolute_time
                0x10002af0       0x22 CMakeFiles/projetofinalembarcatech.dir/C_/Users/alberto/.pico-sdk/sdk/1.5.1/src/rp2_common/pico_runtime/runtime.c.obj
 *fill*         0x10002b12        0x2 
 .text._gettimeofday
                0x10002b14       0x48 CMakeFiles/projetofinalembarcatech.dir/C_/Users/alberto/.pico-sdk/sdk/1.5.1/src/rp2_common/pico_runtime/runtime.c.obj
                0x10002b14                _gettimeofday
 .text.panic    0x10002b5c       0x30 CMakeFiles/projetofinalembarcatech.dir/C_/Users/alberto/.pico-sdk/sdk/1.5.1/src/rp2_common/pico_runtime/runtime.c.obj
                0x10002b5c                panic
 .text._out_buffer
                0x10002b8c        0x8 CMakeFiles/projetofinalembarcatech.dir/C_/Users/alberto/.pico-sdk/sdk/1.5.1/src/rp2_common/pico_printf/printf.c.obj
 .text._out_null
                0x10002b94        0x2 CMakeFiles/projetofinalembarcatech.dir/C_/Users/alberto/.pico-sdk/sdk/1.5.1/src/rp2_common/pico_printf/printf.c.obj
 .text._out_fct
                0x10002b96        0xe CMakeFiles/projetofinalembarcatech.dir/C_/Users/alberto/.pico-sdk/sdk/1.5.1/src/rp2_common/pico_printf/printf.c.obj
 .text._atoi    0x10002ba4       0x24 CMakeFiles/projetofinalembarcatech.dir/C_/Users/alberto/.pico-sdk/sdk/1.5.1/src/rp2_common/pico_printf/printf.c.obj
 .text._out_rev
                0x10002bc8       0xae CMakeFiles/projetofinalembarcatech.dir/C_/Users/alberto/.pico-sdk/sdk/1.5.1/src/rp2_common/pico_printf/printf.c.obj
 .text._ntoa_format
                0x10002c76      0x110 CMakeFiles/projetofinalembarcatech.dir/C_/Users/alberto/.pico-sdk/sdk/1.5.1/src/rp2_common/pico_printf/printf.c.obj
 .text._ntoa_long
                0x10002d86       0xbc CMakeFiles/projetofinalembarcatech.dir/C_/Users/alberto/.pico-sdk/sdk/1.5.1/src/rp2_common/pico_printf/printf.c.obj
 .text._ntoa_long_long
                0x10002e42      0x10e CMakeFiles/projetofinalembarcatech.dir/C_/Users/alberto/.pico-sdk/sdk/1.5.1/src/rp2_common/pico_printf/printf.c.obj
 .text._etoa    0x10002f50      0x420 CMakeFiles/projetofinalembarcatech.dir/C_/Users/alberto/.pico-sdk/sdk/1.5.1/src/rp2_common/pico_printf/printf.c.obj
 .text._ftoa    0x10003370      0x354 CMakeFiles/projetofinalembarcatech.dir/C_/Users/alberto/.pico-sdk/sdk/1.5.1/src/rp2_common/pico_printf/printf.c.obj
 .text._vsnprintf
                0x100036c4      0x668 CMakeFiles/projetofinalembarcatech.dir/C_/Users/alberto/.pico-sdk/sdk/1.5.1/src/rp2_common/pico_printf/printf.c.obj
 .text.__wrap_sprintf
                0x10003d2c       0x2c CMakeFiles/projetofinalembarcatech.dir/C_/Users/alberto/.pico-sdk/sdk/1.5.1/src/rp2_common/pico_printf/printf.c.obj
                0x10003d2c                __wrap_sprintf
 .text.vfctprintf
                0x10003d58       0x20 CMakeFiles/projetofinalembarcatech.dir/C_/Users/alberto/.pico-sdk/sdk/1.5.1/src/rp2_common/pico_printf/printf.c.obj
                0x10003d58                vfctprintf
 .text          0x10003d78       0x10 CMakeFiles/projetofinalembarcatech.dir/C_/Users/alberto/.pico-sdk/sdk/1.5.1/src/rp2_common/pico_bit_ops/bit_ops_aeabi.S.obj
 .text.rom_func_lookup
                0x10003d88       0x10 CMakeFiles/projetofinalembarcatech.dir/C_/Users/alberto/.pico-sdk/sdk/1.5.1/src/rp2_common/pico_bootrom/bootrom.c.obj
                0x10003d88                rom_func_lookup
 .text.rom_data_lookup
                0x10003d98       0x10 CMakeFiles/projetofinalembarcatech.dir/C_/Users/alberto/.pico-sdk/sdk/1.5.1/src/rp2_common/pico_bootrom/bootrom.c.obj
                0x10003d98                rom_data_lookup
 .text.rom_funcs_lookup
                0x10003da8       0x36 CMakeFiles/projetofinalembarcatech.dir/C_/Users/alberto/.pico-sdk/sdk/1.5.1/src/rp2_common/pico_bootrom/bootrom.c.obj
                0x10003da8                rom_funcs_lookup
 *fill*         0x10003dde        0x2 
 .text.__wrap___aeabi_idiv
                0x10003de0       0x50 CMakeFiles/projetofinalembarcatech.dir/C_/Users/alberto/.pico-sdk/sdk/1.5.1/src/rp2_common/pico_divider/divider.S.obj
                0x10003de0                __wrap___aeabi_idivmod
                0x10003de0                divmod_s32s32
                0x10003de0                div_s32s32
                0x10003de0                __wrap___aeabi_idiv
                0x10003de8                divmod_s32s32_unsafe
                0x10003e14                divmod_s32s32_savestate
 .text.__wrap___aeabi_uidiv
                0x10003e30       0x4c CMakeFiles/projetofinalembarcatech.dir/C_/Users/alberto/.pico-sdk/sdk/1.5.1/src/rp2_common/pico_divider/divider.S.obj
                0x10003e30                __wrap___aeabi_uidiv
                0x10003e30                __wrap___aeabi_uidivmod
                0x10003e30                div_u32u32
                0x10003e30                divmod_u32u32
                0x10003e38                divmod_u32u32_unsafe
                0x10003e60                divmod_u32u32_savestate
 .text.__wrap___aeabi_ldiv
                0x10003e7c      0x424 CMakeFiles/projetofinalembarcatech.dir/C_/Users/alberto/.pico-sdk/sdk/1.5.1/src/rp2_common/pico_divider/divider.S.obj
                0x10003e7c                div_s64s64
                0x10003e7c                divmod_s64s64
                0x10003e7c                __wrap___aeabi_ldivmod
                0x10003eac                divmod_u64u64
                0x10003eac                div_u64u64
                0x10003eac                __wrap___aeabi_uldivmod
                0x10003ebc                divmod_u64u64_savestate
                0x10003edc                divmod_s64s64_unsafe
                0x10003f64                divmod_u64u64_unsafe
 .text.__wrap___aeabi_darithmetic
                0x100042a0       0x60 CMakeFiles/projetofinalembarcatech.dir/C_/Users/alberto/.pico-sdk/sdk/1.5.1/src/rp2_common/pico_double/double_aeabi.S.obj
                0x100042a0                __wrap___aeabi_drsub
                0x100042a6                __wrap___aeabi_dsub
                0x100042b0                __wrap___aeabi_dadd
                0x100042ba                __wrap___aeabi_ddiv
                0x100042ee                __wrap___aeabi_dmul
 .text.__wrap___aeabi_cdcmple
                0x10004300       0x6c CMakeFiles/projetofinalembarcatech.dir/C_/Users/alberto/.pico-sdk/sdk/1.5.1/src/rp2_common/pico_double/double_aeabi.S.obj
                0x10004300                __wrap___aeabi_cdrcmple
                0x10004310                __wrap___aeabi_cdcmpeq
                0x10004310                __wrap___aeabi_cdcmple
 .text.__wrap___aeabi_dcmplt
                0x1000436c        0xc CMakeFiles/projetofinalembarcatech.dir/C_/Users/alberto/.pico-sdk/sdk/1.5.1/src/rp2_common/pico_double/double_aeabi.S.obj
                0x1000436c                __wrap___aeabi_dcmplt
 .text.__wrap___aeabi_dcmple
                0x10004378       0x10 CMakeFiles/projetofinalembarcatech.dir/C_/Users/alberto/.pico-sdk/sdk/1.5.1/src/rp2_common/pico_double/double_aeabi.S.obj
                0x10004378                __wrap___aeabi_dcmple
 .text.__wrap___aeabi_dcmpge
                0x10004388       0x10 CMakeFiles/projetofinalembarcatech.dir/C_/Users/alberto/.pico-sdk/sdk/1.5.1/src/rp2_common/pico_double/double_aeabi.S.obj
                0x10004388                __wrap___aeabi_dcmpge
 .text.__wrap___aeabi_dcmpgt
                0x10004398        0xa CMakeFiles/projetofinalembarcatech.dir/C_/Users/alberto/.pico-sdk/sdk/1.5.1/src/rp2_common/pico_double/double_aeabi.S.obj
                0x10004398                __wrap___aeabi_dcmpgt
 .text.__wrap___aeabi_dcmpun
                0x100043a2       0x1c CMakeFiles/projetofinalembarcatech.dir/C_/Users/alberto/.pico-sdk/sdk/1.5.1/src/rp2_common/pico_double/double_aeabi.S.obj
                0x100043a2                __wrap___aeabi_dcmpun
 *fill*         0x100043be        0x2 
 .text.__wrap___aeabi_i2d
                0x100043c0       0x38 CMakeFiles/projetofinalembarcatech.dir/C_/Users/alberto/.pico-sdk/sdk/1.5.1/src/rp2_common/pico_double/double_aeabi.S.obj
                0x100043c0                __wrap___aeabi_ui2d
                0x100043c8                __wrap___aeabi_i2d
 .text.__wrap___aeabi_d2iz
                0x100043f8       0x48 CMakeFiles/projetofinalembarcatech.dir/C_/Users/alberto/.pico-sdk/sdk/1.5.1/src/rp2_common/pico_double/double_aeabi.S.obj
                0x100043f8                double2int_z
                0x100043f8                __wrap___aeabi_d2iz
 .text.__wrap___aeabi_d2uiz
                0x10004440       0x10 CMakeFiles/projetofinalembarcatech.dir/C_/Users/alberto/.pico-sdk/sdk/1.5.1/src/rp2_common/pico_double/double_aeabi.S.obj
                0x10004440                __wrap___aeabi_d2uiz
                0x10004440                double2uint
 .text.missing_double_func_shim
                0x10004450        0xc CMakeFiles/projetofinalembarcatech.dir/C_/Users/alberto/.pico-sdk/sdk/1.5.1/src/rp2_common/pico_double/double_init_rom.c.obj
 .text.__aeabi_double_init
                0x1000445c       0xd0 CMakeFiles/projetofinalembarcatech.dir/C_/Users/alberto/.pico-sdk/sdk/1.5.1/src/rp2_common/pico_double/double_init_rom.c.obj
                0x1000445c                __aeabi_double_init
 .text.double_table_shim_on_use_helper
                0x1000452c       0x34 CMakeFiles/projetofinalembarcatech.dir/C_/Users/alberto/.pico-sdk/sdk/1.5.1/src/rp2_common/pico_double/double_v1_rom_shim.S.obj
                0x1000452c                double_table_shim_on_use_helper
 .text.__aeabi_lmul
                0x10004560       0x32 CMakeFiles/projetofinalembarcatech.dir/C_/Users/alberto/.pico-sdk/sdk/1.5.1/src/rp2_common/pico_int64_ops/pico_int64_ops_aeabi.S.obj
                0x10004560                __wrap___aeabi_lmul
 *fill*         0x10004592        0x2 
 .text.__wrap___aeabi_farithmetic
                0x10004594       0x48 CMakeFiles/projetofinalembarcatech.dir/C_/Users/alberto/.pico-sdk/sdk/1.5.1/src/rp2_common/pico_float/float_aeabi.S.obj
                0x10004594                __wrap___aeabi_frsub
                0x1000459a                __wrap___aeabi_fsub
                0x100045a0                __wrap___aeabi_fadd
                0x100045a6                __wrap___aeabi_fdiv
                0x100045ce                __wrap___aeabi_fmul
 .text.__wrap___aeabi_ui2f
                0x100045dc        0xa CMakeFiles/projetofinalembarcatech.dir/C_/Users/alberto/.pico-sdk/sdk/1.5.1/src/rp2_common/pico_float/float_aeabi.S.obj
                0x100045dc                __wrap___aeabi_ui2f
 *fill*         0x100045e6        0x2 
 .text.__wrap___aeabi_i2f
                0x100045e8       0x44 CMakeFiles/projetofinalembarcatech.dir/C_/Users/alberto/.pico-sdk/sdk/1.5.1/src/rp2_common/pico_float/float_aeabi.S.obj
                0x100045e8                __wrap___aeabi_i2f
 .text.__wrap___aeabi_f2uiz
                0x1000462c        0xc CMakeFiles/projetofinalembarcatech.dir/C_/Users/alberto/.pico-sdk/sdk/1.5.1/src/rp2_common/pico_float/float_aeabi.S.obj
                0x1000462c                __wrap___aeabi_f2uiz
 .text.missing_float_func_shim
                0x10004638        0xc CMakeFiles/projetofinalembarcatech.dir/C_/Users/alberto/.pico-sdk/sdk/1.5.1/src/rp2_common/pico_float/float_init_rom.c.obj
 .text.__aeabi_float_init
                0x10004644       0x88 CMakeFiles/projetofinalembarcatech.dir/C_/Users/alberto/.pico-sdk/sdk/1.5.1/src/rp2_common/pico_float/float_init_rom.c.obj
                0x10004644                __aeabi_float_init
 .text.check_alloc
                0x100046cc       0x20 CMakeFiles/projetofinalembarcatech.dir/C_/Users/alberto/.pico-sdk/sdk/1.5.1/src/rp2_common/pico_malloc/pico_malloc.c.obj
 .text.__wrap_malloc
                0x100046ec       0x14 CMakeFiles/projetofinalembarcatech.dir/C_/Users/alberto/.pico-sdk/sdk/1.5.1/src/rp2_common/pico_malloc/pico_malloc.c.obj
                0x100046ec                __wrap_malloc
 .text.__wrap_free
                0x10004700        0x8 CMakeFiles/projetofinalembarcatech.dir/C_/Users/alberto/.pico-sdk/sdk/1.5.1/src/rp2_common/pico_malloc/pico_malloc.c.obj
                0x10004700                __wrap_free
 .text          0x10004708       0x10 CMakeFiles/projetofinalembarcatech.dir/C_/Users/alberto/.pico-sdk/sdk/1.5.1/src/rp2_common/pico_mem_ops/mem_ops_aeabi.S.obj
                0x10004708                __aeabi_mem_init
 .text.memset   0x10004718        0xc CMakeFiles/projetofinalembarcatech.dir/C_/Users/alberto/.pico-sdk/sdk/1.5.1/src/rp2_common/pico_mem_ops/mem_ops_aeabi.S.obj
                0x10004718                __wrap_memset
 .text.memcpy   0x10004724        0xc CMakeFiles/projetofinalembarcatech.dir/C_/Users/alberto/.pico-sdk/sdk/1.5.1/src/rp2_common/pico_mem_ops/mem_ops_aeabi.S.obj
                0x10004724                __wrap_memcpy
                0x10004724                __wrap___aeabi_memcpy
 .text.stdio_out_chars_no_crlf
                0x10004730        0xe CMakeFiles/projetofinalembarcatech.dir/C_/Users/alberto/.pico-sdk/sdk/1.5.1/src/rp2_common/pico_stdio/stdio.c.obj
 *fill*         0x1000473e        0x2 
 .text.stdio_out_chars_crlf
                0x10004740       0x80 CMakeFiles/projetofinalembarcatech.dir/C_/Users/alberto/.pico-sdk/sdk/1.5.1/src/rp2_common/pico_stdio/stdio.c.obj
 .text.stdio_stack_buffer_flush
                0x100047c0       0x44 CMakeFiles/projetofinalembarcatech.dir/C_/Users/alberto/.pico-sdk/sdk/1.5.1/src/rp2_common/pico_stdio/stdio.c.obj
 .text.stdio_buffered_printer
                0x10004804       0x20 CMakeFiles/projetofinalembarcatech.dir/C_/Users/alberto/.pico-sdk/sdk/1.5.1/src/rp2_common/pico_stdio/stdio.c.obj
 .text.update_us_since_boot
                0x10004824       0x24 CMakeFiles/projetofinalembarcatech.dir/C_/Users/alberto/.pico-sdk/sdk/1.5.1/src/rp2_common/pico_stdio/stdio.c.obj
 .text.get_absolute_time
                0x10004848       0x22 CMakeFiles/projetofinalembarcatech.dir/C_/Users/alberto/.pico-sdk/sdk/1.5.1/src/rp2_common/pico_stdio/stdio.c.obj
 *fill*         0x1000486a        0x2 
 .text.delayed_by_ms
                0x1000486c       0x44 CMakeFiles/projetofinalembarcatech.dir/C_/Users/alberto/.pico-sdk/sdk/1.5.1/src/rp2_common/pico_stdio/stdio.c.obj
 .text.make_timeout_time_ms
                0x100048b0       0x20 CMakeFiles/projetofinalembarcatech.dir/C_/Users/alberto/.pico-sdk/sdk/1.5.1/src/rp2_common/pico_stdio/stdio.c.obj
 .text.stdout_serialize_begin
                0x100048d0       0x20 CMakeFiles/projetofinalembarcatech.dir/C_/Users/alberto/.pico-sdk/sdk/1.5.1/src/rp2_common/pico_stdio/stdio.c.obj
                0x100048d0                stdout_serialize_begin
 .text.stdout_serialize_end
                0x100048f0       0x10 CMakeFiles/projetofinalembarcatech.dir/C_/Users/alberto/.pico-sdk/sdk/1.5.1/src/rp2_common/pico_stdio/stdio.c.obj
                0x100048f0                stdout_serialize_end
 .text.stdio_put_string
                0x10004900       0x98 CMakeFiles/projetofinalembarcatech.dir/C_/Users/alberto/.pico-sdk/sdk/1.5.1/src/rp2_common/pico_stdio/stdio.c.obj
 .text.stdio_flush
                0x10004998       0x20 CMakeFiles/projetofinalembarcatech.dir/C_/Users/alberto/.pico-sdk/sdk/1.5.1/src/rp2_common/pico_stdio/stdio.c.obj
                0x10004998                stdio_flush
 .text.__wrap_puts
                0x100049b8       0x1e CMakeFiles/projetofinalembarcatech.dir/C_/Users/alberto/.pico-sdk/sdk/1.5.1/src/rp2_common/pico_stdio/stdio.c.obj
                0x100049b8                __wrap_puts
 *fill*         0x100049d6        0x2 
 .text.__wrap_vprintf
                0x100049d8       0x40 CMakeFiles/projetofinalembarcatech.dir/C_/Users/alberto/.pico-sdk/sdk/1.5.1/src/rp2_common/pico_stdio/stdio.c.obj
                0x100049d8                __wrap_vprintf
 .text.__wrap_printf
                0x10004a18       0x18 CMakeFiles/projetofinalembarcatech.dir/C_/Users/alberto/.pico-sdk/sdk/1.5.1/src/rp2_common/pico_stdio/stdio.c.obj
                0x10004a18                __wrap_printf
 .text.stdio_init_all
                0x10004a30        0x4 CMakeFiles/projetofinalembarcatech.dir/C_/Users/alberto/.pico-sdk/sdk/1.5.1/src/rp2_common/pico_stdio/stdio.c.obj
                0x10004a30                stdio_init_all
 .text.pio_get_default_sm_config
                0x10004a34       0x28 CMakeFiles/projetofinalembarcatech.dir/C_/Users/alberto/.pico-sdk/sdk/1.5.1/src/rp2_common/hardware_pio/pio.c.obj
 .text._pio_can_add_program_at_offset
                0x10004a5c       0x3c CMakeFiles/projetofinalembarcatech.dir/C_/Users/alberto/.pico-sdk/sdk/1.5.1/src/rp2_common/hardware_pio/pio.c.obj
 .text._pio_find_offset_for_program
                0x10004a98       0x7c CMakeFiles/projetofinalembarcatech.dir/C_/Users/alberto/.pico-sdk/sdk/1.5.1/src/rp2_common/hardware_pio/pio.c.obj
 .text._pio_add_program_at_offset
                0x10004b14       0x7c CMakeFiles/projetofinalembarcatech.dir/C_/Users/alberto/.pico-sdk/sdk/1.5.1/src/rp2_common/hardware_pio/pio.c.obj
 .text.pio_claim_unused_sm
                0x10004b90       0x3c CMakeFiles/projetofinalembarcatech.dir/C_/Users/alberto/.pico-sdk/sdk/1.5.1/src/rp2_common/hardware_pio/pio.c.obj
                0x10004b90                pio_claim_unused_sm
 .text.pio_add_program
                0x10004bcc       0x38 CMakeFiles/projetofinalembarcatech.dir/C_/Users/alberto/.pico-sdk/sdk/1.5.1/src/rp2_common/hardware_pio/pio.c.obj
                0x10004bcc                pio_add_program
 .text.pio_sm_set_consecutive_pindirs
                0x10004c04       0xa4 CMakeFiles/projetofinalembarcatech.dir/C_/Users/alberto/.pico-sdk/sdk/1.5.1/src/rp2_common/hardware_pio/pio.c.obj
                0x10004c04                pio_sm_set_consecutive_pindirs
 .text.pio_sm_init
                0x10004ca8       0xb0 CMakeFiles/projetofinalembarcatech.dir/C_/Users/alberto/.pico-sdk/sdk/1.5.1/src/rp2_common/hardware_pio/pio.c.obj
                0x10004ca8                pio_sm_init
 .text.i2c_write_blocking_internal
                0x10004d58      0x146 CMakeFiles/projetofinalembarcatech.dir/C_/Users/alberto/.pico-sdk/sdk/1.5.1/src/rp2_common/hardware_i2c/i2c.c.obj
 *fill*         0x10004e9e        0x2 
 .text.i2c_set_baudrate
                0x10004ea0       0xf0 CMakeFiles/projetofinalembarcatech.dir/C_/Users/alberto/.pico-sdk/sdk/1.5.1/src/rp2_common/hardware_i2c/i2c.c.obj
                0x10004ea0                i2c_set_baudrate
 .text.i2c_init
                0x10004f90       0x58 CMakeFiles/projetofinalembarcatech.dir/C_/Users/alberto/.pico-sdk/sdk/1.5.1/src/rp2_common/hardware_i2c/i2c.c.obj
                0x10004f90                i2c_init
 .text.i2c_write_blocking
                0x10004fe8       0x18 CMakeFiles/projetofinalembarcatech.dir/C_/Users/alberto/.pico-sdk/sdk/1.5.1/src/rp2_common/hardware_i2c/i2c.c.obj
                0x10004fe8                i2c_write_blocking
 .text.adc_init
                0x10005000       0x34 CMakeFiles/projetofinalembarcatech.dir/C_/Users/alberto/.pico-sdk/sdk/1.5.1/src/rp2_common/hardware_adc/adc.c.obj
                0x10005000                adc_init
 .text.malloc   0x10005034       0x14 C:/Users/alberto/.pico-sdk/toolchain/13_2_Rel1/bin/../lib/gcc/arm-none-eabi/13.2.1/thumb/v6-m/nofp\libg.a(libc_a-malloc.o)
                0x10005034                malloc
 .text.free     0x10005048       0x14 C:/Users/alberto/.pico-sdk/toolchain/13_2_Rel1/bin/../lib/gcc/arm-none-eabi/13.2.1/thumb/v6-m/nofp\libg.a(libc_a-malloc.o)
                0x10005048                free
 .text._malloc_r
                0x1000505c      0x5c4 C:/Users/alberto/.pico-sdk/toolchain/13_2_Rel1/bin/../lib/gcc/arm-none-eabi/13.2.1/thumb/v6-m/nofp\libg.a(libc_a-mallocr.o)
                0x1000505c                _malloc_r
 .text.__malloc_lock
                0x10005620       0x10 C:/Users/alberto/.pico-sdk/toolchain/13_2_Rel1/bin/../lib/gcc/arm-none-eabi/13.2.1/thumb/v6-m/nofp\libg.a(libc_a-mlock.o)
                0x10005620                __malloc_lock
 .text.__malloc_unlock
                0x10005630       0x10 C:/Users/alberto/.pico-sdk/toolchain/13_2_Rel1/bin/../lib/gcc/arm-none-eabi/13.2.1/thumb/v6-m/nofp\libg.a(libc_a-mlock.o)
                0x10005630                __malloc_unlock
 .text.srand    0x10005640       0x14 C:/Users/alberto/.pico-sdk/toolchain/13_2_Rel1/bin/../lib/gcc/arm-none-eabi/13.2.1/thumb/v6-m/nofp\libg.a(libc_a-rand.o)
                0x10005640                srand
 .text.rand     0x10005654       0x34 C:/Users/alberto/.pico-sdk/toolchain/13_2_Rel1/bin/../lib/gcc/arm-none-eabi/13.2.1/thumb/v6-m/nofp\libg.a(libc_a-rand.o)
                0x10005654                rand
 .text.time     0x10005688       0x38 C:/Users/alberto/.pico-sdk/toolchain/13_2_Rel1/bin/../lib/gcc/arm-none-eabi/13.2.1/thumb/v6-m/nofp\libg.a(libc_a-time.o)
                0x10005688                time
 .text._gettimeofday_r
                0x100056c0       0x28 C:/Users/alberto/.pico-sdk/toolchain/13_2_Rel1/bin/../lib/gcc/arm-none-eabi/13.2.1/thumb/v6-m/nofp\libg.a(libc_a-gettimeofdayr.o)
                0x100056c0                _gettimeofday_r
 .text._sbrk_r  0x100056e8       0x24 C:/Users/alberto/.pico-sdk/toolchain/13_2_Rel1/bin/../lib/gcc/arm-none-eabi/13.2.1/thumb/v6-m/nofp\libg.a(libc_a-sbrkr.o)
                0x100056e8                _sbrk_r
 .text.__errno  0x1000570c        0xc C:/Users/alberto/.pico-sdk/toolchain/13_2_Rel1/bin/../lib/gcc/arm-none-eabi/13.2.1/thumb/v6-m/nofp\libg.a(libc_a-errno.o)
                0x1000570c                __errno
 .text.__retarget_lock_acquire_recursive
                0x10005718        0x4 C:/Users/alberto/.pico-sdk/toolchain/13_2_Rel1/bin/../lib/gcc/arm-none-eabi/13.2.1/thumb/v6-m/nofp\libg.a(libc_a-lock.o)
                0x10005718                __retarget_lock_acquire_recursive
 .text.__retarget_lock_release_recursive
                0x1000571c        0x4 C:/Users/alberto/.pico-sdk/toolchain/13_2_Rel1/bin/../lib/gcc/arm-none-eabi/13.2.1/thumb/v6-m/nofp\libg.a(libc_a-lock.o)
                0x1000571c                __retarget_lock_release_recursive
 .text.sysconf  0x10005720       0x1c C:/Users/alberto/.pico-sdk/toolchain/13_2_Rel1/bin/../lib/gcc/arm-none-eabi/13.2.1/thumb/v6-m/nofp\libg.a(libc_a-sysconf.o)
                0x10005720                sysconf
 .text.strlen   0x1000573c       0x5c C:/Users/alberto/.pico-sdk/toolchain/13_2_Rel1/bin/../lib/gcc/arm-none-eabi/13.2.1/thumb/v6-m/nofp\libg.a(libc_a-strlen-stub.o)
                0x1000573c                strlen
 .text._malloc_trim_r
                0x10005798       0xb4 C:/Users/alberto/.pico-sdk/toolchain/13_2_Rel1/bin/../lib/gcc/arm-none-eabi/13.2.1/thumb/v6-m/nofp\libg.a(libc_a-freer.o)
                0x10005798                _malloc_trim_r
 .text._free_r  0x1000584c      0x1d4 C:/Users/alberto/.pico-sdk/toolchain/13_2_Rel1/bin/../lib/gcc/arm-none-eabi/13.2.1/thumb/v6-m/nofp\libg.a(libc_a-freer.o)
                0x1000584c                _free_r
 *(.fini)
 .fini          0x10005a20        0x4 C:/Users/alberto/.pico-sdk/toolchain/13_2_Rel1/bin/../lib/gcc/arm-none-eabi/13.2.1/thumb/v6-m/nofp/crti.o
                0x10005a20                _fini
 *fill*         0x10005a24        0x4 
 .fini.__stub   0x10005a28       0x40 linker stubs
 *crtbegin.o(.ctors)
 *crtbegin?.o(.ctors)
 *(EXCLUDE_FILE(*crtend.o *crtend?.o) .ctors)
 *(SORT_BY_NAME(.ctors.*))
 *(.ctors)
 *crtbegin.o(.dtors)
 *crtbegin?.o(.dtors)
 *(EXCLUDE_FILE(*crtend.o *crtend?.o) .dtors)
 *(SORT_BY_NAME(.dtors.*))
 *(.dtors)
 *(.eh_frame*)
 .eh_frame      0x10005a68        0x0 C:/Users/alberto/.pico-sdk/toolchain/13_2_Rel1/bin/../lib/gcc/arm-none-eabi/13.2.1/thumb/v6-m/nofp/crtbegin.o
                0x10005a68                        . = ALIGN (0x4)

.glue_7         0x10005a68        0x0
 .glue_7        0x10005a68        0x0 linker stubs

.glue_7t        0x10005a68        0x0
 .glue_7t       0x10005a68        0x0 linker stubs

.vfp11_veneer   0x10005a68        0x0
 .vfp11_veneer  0x10005a68        0x0 linker stubs

.v4_bx          0x10005a68        0x0
 .v4_bx         0x10005a68        0x0 linker stubs

.iplt           0x10005a68        0x0
 .iplt          0x10005a68        0x0 C:/Users/alberto/.pico-sdk/toolchain/13_2_Rel1/bin/../lib/gcc/arm-none-eabi/13.2.1/thumb/v6-m/nofp/crtbegin.o

.rodata         0x10005a68     0x14fc
 *(EXCLUDE_FILE(*libm.a: *libc.a:*lib_a-mem*.o *libgcc.a:) .rodata*)
 .rodata.main.str1.4
                0x10005a68      0xdaf CMakeFiles/projetofinalembarcatech.dir/projetofinalembarcatech.c.obj
                                0x1b5 (size before relaxing)
 *fill*         0x10006817        0x1 
 .rodata.ws2818b_program
                0x10006818        0x6 CMakeFiles/projetofinalembarcatech.dir/projetofinalembarcatech.c.obj
 *fill*         0x1000681e        0x2 
 .rodata.ws2818b_program_instructions
                0x10006820        0x8 CMakeFiles/projetofinalembarcatech.dir/projetofinalembarcatech.c.obj
 .rodata.font   0x10006828      0x128 CMakeFiles/projetofinalembarcatech.dir/inc/ssd1306_i2c.c.obj
 .rodata        0x10006950       0x1a CMakeFiles/projetofinalembarcatech.dir/inc/ssd1306_i2c.c.obj
 .rodata.resolve_branch.str1.4
                0x1000696a       0x5f CMakeFiles/projetofinalembarcatech.dir/C_/Users/alberto/.pico-sdk/sdk/1.5.1/src/rp2_common/hardware_irq/irq.c.obj
 .rodata.make_branch.str1.4
                0x1000696a       0x30 CMakeFiles/projetofinalembarcatech.dir/C_/Users/alberto/.pico-sdk/sdk/1.5.1/src/rp2_common/hardware_irq/irq.c.obj
 .rodata.insert_branch_and_link.str1.4
                0x1000696a       0x10 CMakeFiles/projetofinalembarcatech.dir/C_/Users/alberto/.pico-sdk/sdk/1.5.1/src/rp2_common/hardware_irq/irq.c.obj
 .rodata.irq_set_exclusive_handler.str1.4
                0x1000696a       0x36 CMakeFiles/projetofinalembarcatech.dir/C_/Users/alberto/.pico-sdk/sdk/1.5.1/src/rp2_common/hardware_irq/irq.c.obj
 .rodata.irq_add_shared_handler.str1.4
                0x1000696a       0xc2 CMakeFiles/projetofinalembarcatech.dir/C_/Users/alberto/.pico-sdk/sdk/1.5.1/src/rp2_common/hardware_irq/irq.c.obj
 .rodata.irq_remove_handler.str1.4
                0x1000696a       0x3a CMakeFiles/projetofinalembarcatech.dir/C_/Users/alberto/.pico-sdk/sdk/1.5.1/src/rp2_common/hardware_irq/irq.c.obj
 .rodata.irq_add_tail_to_free_list.str1.4
                0x1000696a       0x3a CMakeFiles/projetofinalembarcatech.dir/C_/Users/alberto/.pico-sdk/sdk/1.5.1/src/rp2_common/hardware_irq/irq.c.obj
 *fill*         0x1000696a        0x2 
 .rodata.__func__.0
                0x1000696c       0x1a CMakeFiles/projetofinalembarcatech.dir/C_/Users/alberto/.pico-sdk/sdk/1.5.1/src/rp2_common/hardware_irq/irq.c.obj
 *fill*         0x10006986        0x2 
 .rodata.__func__.1
                0x10006988       0x17 CMakeFiles/projetofinalembarcatech.dir/C_/Users/alberto/.pico-sdk/sdk/1.5.1/src/rp2_common/hardware_irq/irq.c.obj
 *fill*         0x1000699f        0x1 
 .rodata.__func__.2
                0x100069a0       0x13 CMakeFiles/projetofinalembarcatech.dir/C_/Users/alberto/.pico-sdk/sdk/1.5.1/src/rp2_common/hardware_irq/irq.c.obj
 *fill*         0x100069b3        0x1 
 .rodata.__func__.3
                0x100069b4        0xc CMakeFiles/projetofinalembarcatech.dir/C_/Users/alberto/.pico-sdk/sdk/1.5.1/src/rp2_common/hardware_irq/irq.c.obj
 .rodata.__func__.4
                0x100069c0        0xf CMakeFiles/projetofinalembarcatech.dir/C_/Users/alberto/.pico-sdk/sdk/1.5.1/src/rp2_common/hardware_irq/irq.c.obj
 *fill*         0x100069cf        0x1 
 .rodata.__func__.5
                0x100069d0       0x17 CMakeFiles/projetofinalembarcatech.dir/C_/Users/alberto/.pico-sdk/sdk/1.5.1/src/rp2_common/hardware_irq/irq.c.obj
 *fill*         0x100069e7        0x1 
 .rodata.__func__.6
                0x100069e8       0x1a CMakeFiles/projetofinalembarcatech.dir/C_/Users/alberto/.pico-sdk/sdk/1.5.1/src/rp2_common/hardware_irq/irq.c.obj
 .rodata.str1.4
                0x10006a02       0x95 CMakeFiles/projetofinalembarcatech.dir/C_/Users/alberto/.pico-sdk/sdk/1.5.1/src/common/pico_sync/mutex.c.obj
 *fill*         0x10006a02        0x2 
 .rodata.__func__.1
                0x10006a04        0xb CMakeFiles/projetofinalembarcatech.dir/C_/Users/alberto/.pico-sdk/sdk/1.5.1/src/common/pico_sync/mutex.c.obj
 *fill*         0x10006a0f        0x1 
 .rodata.__func__.3
                0x10006a10       0x18 CMakeFiles/projetofinalembarcatech.dir/C_/Users/alberto/.pico-sdk/sdk/1.5.1/src/common/pico_sync/mutex.c.obj
 .rodata.get_entry.str1.4
                0x10006a28       0x65 CMakeFiles/projetofinalembarcatech.dir/C_/Users/alberto/.pico-sdk/sdk/1.5.1/src/common/pico_time/time.c.obj
 .rodata.update_us_since_boot.str1.4
                0x10006a28       0x6b CMakeFiles/projetofinalembarcatech.dir/C_/Users/alberto/.pico-sdk/sdk/1.5.1/src/common/pico_time/time.c.obj
 .rodata.ph_get_node.str1.4
                0x10006a28       0x70 CMakeFiles/projetofinalembarcatech.dir/C_/Users/alberto/.pico-sdk/sdk/1.5.1/src/common/pico_time/time.c.obj
 .rodata.ph_add_child_node.str1.4
                0x10006a28       0x2e CMakeFiles/projetofinalembarcatech.dir/C_/Users/alberto/.pico-sdk/sdk/1.5.1/src/common/pico_time/time.c.obj
 .rodata.ph_insert_node.str1.4
                0x10006a28        0x3 CMakeFiles/projetofinalembarcatech.dir/C_/Users/alberto/.pico-sdk/sdk/1.5.1/src/common/pico_time/time.c.obj
 .rodata.ph_free_node.str1.4
                0x10006a28       0x38 CMakeFiles/projetofinalembarcatech.dir/C_/Users/alberto/.pico-sdk/sdk/1.5.1/src/common/pico_time/time.c.obj
 .rodata.repeating_timer_callback.str1.4
                0x10006a28       0x13 CMakeFiles/projetofinalembarcatech.dir/C_/Users/alberto/.pico-sdk/sdk/1.5.1/src/common/pico_time/time.c.obj
 .rodata.add_alarm_under_lock.str1.4
                0x10006a28       0x28 CMakeFiles/projetofinalembarcatech.dir/C_/Users/alberto/.pico-sdk/sdk/1.5.1/src/common/pico_time/time.c.obj
 .rodata.alarm_pool_alarm_callback.str1.4
                0x10006a28       0x60 CMakeFiles/projetofinalembarcatech.dir/C_/Users/alberto/.pico-sdk/sdk/1.5.1/src/common/pico_time/time.c.obj
 .rodata.alarm_pool_get_default.str1.4
                0x10006a28       0x21 CMakeFiles/projetofinalembarcatech.dir/C_/Users/alberto/.pico-sdk/sdk/1.5.1/src/common/pico_time/time.c.obj
 .rodata.alarm_pool_cancel_alarm.str1.4
                0x10006a28       0x27 CMakeFiles/projetofinalembarcatech.dir/C_/Users/alberto/.pico-sdk/sdk/1.5.1/src/common/pico_time/time.c.obj
 .rodata.sleep_until.str1.4
                0x10006a28       0x4d CMakeFiles/projetofinalembarcatech.dir/C_/Users/alberto/.pico-sdk/sdk/1.5.1/src/common/pico_time/time.c.obj
 .rodata.__func__.0
                0x10006a28       0x19 CMakeFiles/projetofinalembarcatech.dir/C_/Users/alberto/.pico-sdk/sdk/1.5.1/src/common/pico_time/time.c.obj
 *fill*         0x10006a41        0x3 
 .rodata.__func__.1
                0x10006a44       0x18 CMakeFiles/projetofinalembarcatech.dir/C_/Users/alberto/.pico-sdk/sdk/1.5.1/src/common/pico_time/time.c.obj
 .rodata.__func__.3
                0x10006a5c       0x17 CMakeFiles/projetofinalembarcatech.dir/C_/Users/alberto/.pico-sdk/sdk/1.5.1/src/common/pico_time/time.c.obj
 *fill*         0x10006a73        0x1 
 .rodata.__func__.4
                0x10006a74       0x12 CMakeFiles/projetofinalembarcatech.dir/C_/Users/alberto/.pico-sdk/sdk/1.5.1/src/common/pico_time/time.c.obj
 *fill*         0x10006a86        0x2 
 .rodata.__func__.5
                0x10006a88        0xd CMakeFiles/projetofinalembarcatech.dir/C_/Users/alberto/.pico-sdk/sdk/1.5.1/src/common/pico_time/time.c.obj
 *fill*         0x10006a95        0x3 
 .rodata.__func__.6
                0x10006a98       0x12 CMakeFiles/projetofinalembarcatech.dir/C_/Users/alberto/.pico-sdk/sdk/1.5.1/src/common/pico_time/time.c.obj
 *fill*         0x10006aaa        0x2 
 .rodata.__func__.7
                0x10006aac        0xf CMakeFiles/projetofinalembarcatech.dir/C_/Users/alberto/.pico-sdk/sdk/1.5.1/src/common/pico_time/time.c.obj
 *fill*         0x10006abb        0x1 
 .rodata.__func__.8
                0x10006abc        0xc CMakeFiles/projetofinalembarcatech.dir/C_/Users/alberto/.pico-sdk/sdk/1.5.1/src/common/pico_time/time.c.obj
 .rodata.__func__.9
                0x10006ac8       0x15 CMakeFiles/projetofinalembarcatech.dir/C_/Users/alberto/.pico-sdk/sdk/1.5.1/src/common/pico_time/time.c.obj
 *fill*         0x10006add        0x3 
 .rodata.__func__.10
                0x10006ae0       0x15 CMakeFiles/projetofinalembarcatech.dir/C_/Users/alberto/.pico-sdk/sdk/1.5.1/src/common/pico_time/time.c.obj
 *fill*         0x10006af5        0x3 
 .rodata.__func__.11
                0x10006af8       0x1a CMakeFiles/projetofinalembarcatech.dir/C_/Users/alberto/.pico-sdk/sdk/1.5.1/src/common/pico_time/time.c.obj
 *fill*         0x10006b12        0x2 
 .rodata.__func__.12
                0x10006b14        0xa CMakeFiles/projetofinalembarcatech.dir/C_/Users/alberto/.pico-sdk/sdk/1.5.1/src/common/pico_time/time.c.obj
 .rodata.hardware_alarm_claim.str1.4
                0x10006b1e       0x22 CMakeFiles/projetofinalembarcatech.dir/C_/Users/alberto/.pico-sdk/sdk/1.5.1/src/rp2_common/hardware_timer/timer.c.obj
 .rodata.hardware_alarm_set_target.str1.4
                0x10006b1e       0x6f CMakeFiles/projetofinalembarcatech.dir/C_/Users/alberto/.pico-sdk/sdk/1.5.1/src/rp2_common/hardware_timer/timer.c.obj
 *fill*         0x10006b1e        0x2 
 .rodata.__func__.0
                0x10006b20       0x1a CMakeFiles/projetofinalembarcatech.dir/C_/Users/alberto/.pico-sdk/sdk/1.5.1/src/rp2_common/hardware_timer/timer.c.obj
 .rodata.ph_get_node.str1.4
                0x10006b3a       0x70 CMakeFiles/projetofinalembarcatech.dir/C_/Users/alberto/.pico-sdk/sdk/1.5.1/src/common/pico_util/pheap.c.obj
 .rodata.ph_add_child_node.str1.4
                0x10006b3a       0x2e CMakeFiles/projetofinalembarcatech.dir/C_/Users/alberto/.pico-sdk/sdk/1.5.1/src/common/pico_util/pheap.c.obj
 .rodata.ph_remove_any_head.str1.4
                0x10006b3a       0xac CMakeFiles/projetofinalembarcatech.dir/C_/Users/alberto/.pico-sdk/sdk/1.5.1/src/common/pico_util/pheap.c.obj
 .rodata.ph_remove_and_free_node.str1.4
                0x10006b3a       0x26 CMakeFiles/projetofinalembarcatech.dir/C_/Users/alberto/.pico-sdk/sdk/1.5.1/src/common/pico_util/pheap.c.obj
 *fill*         0x10006b3a        0x2 
 .rodata.__func__.0
                0x10006b3c       0x18 CMakeFiles/projetofinalembarcatech.dir/C_/Users/alberto/.pico-sdk/sdk/1.5.1/src/common/pico_util/pheap.c.obj
 .rodata.__func__.1
                0x10006b54       0x13 CMakeFiles/projetofinalembarcatech.dir/C_/Users/alberto/.pico-sdk/sdk/1.5.1/src/common/pico_util/pheap.c.obj
 *fill*         0x10006b67        0x1 
 .rodata.__func__.2
                0x10006b68       0x12 CMakeFiles/projetofinalembarcatech.dir/C_/Users/alberto/.pico-sdk/sdk/1.5.1/src/common/pico_util/pheap.c.obj
 *fill*         0x10006b7a        0x2 
 .rodata.__func__.3
                0x10006b7c        0xc CMakeFiles/projetofinalembarcatech.dir/C_/Users/alberto/.pico-sdk/sdk/1.5.1/src/common/pico_util/pheap.c.obj
 .rodata.clock_configure.str1.4
                0x10006b88       0x61 CMakeFiles/projetofinalembarcatech.dir/C_/Users/alberto/.pico-sdk/sdk/1.5.1/src/rp2_common/hardware_clocks/clocks.c.obj
 .rodata.__func__.1
                0x10006b88       0x10 CMakeFiles/projetofinalembarcatech.dir/C_/Users/alberto/.pico-sdk/sdk/1.5.1/src/rp2_common/hardware_clocks/clocks.c.obj
 .rodata.pll_init.str1.4
                0x10006b98      0x12c CMakeFiles/projetofinalembarcatech.dir/C_/Users/alberto/.pico-sdk/sdk/1.5.1/src/rp2_common/hardware_pll/pll.c.obj
 .rodata.__func__.0
                0x10006b98        0x9 CMakeFiles/projetofinalembarcatech.dir/C_/Users/alberto/.pico-sdk/sdk/1.5.1/src/rp2_common/hardware_pll/pll.c.obj
 .rodata.__assert_func.str1.4
                0x10006ba1       0x43 CMakeFiles/projetofinalembarcatech.dir/C_/Users/alberto/.pico-sdk/sdk/1.5.1/src/rp2_common/pico_runtime/runtime.c.obj
 .rodata.runtime_init.str1.4
                0x10006ba1       0x6b CMakeFiles/projetofinalembarcatech.dir/C_/Users/alberto/.pico-sdk/sdk/1.5.1/src/rp2_common/pico_runtime/runtime.c.obj
 .rodata.update_us_since_boot.str1.4
                0x10006ba1       0x6b CMakeFiles/projetofinalembarcatech.dir/C_/Users/alberto/.pico-sdk/sdk/1.5.1/src/rp2_common/pico_runtime/runtime.c.obj
 .rodata.panic.str1.4
                0x10006ba1       0x12 CMakeFiles/projetofinalembarcatech.dir/C_/Users/alberto/.pico-sdk/sdk/1.5.1/src/rp2_common/pico_runtime/runtime.c.obj
 *fill*         0x10006ba1        0x3 
 .rodata.__func__.0
                0x10006ba4       0x15 CMakeFiles/projetofinalembarcatech.dir/C_/Users/alberto/.pico-sdk/sdk/1.5.1/src/rp2_common/pico_runtime/runtime.c.obj
 *fill*         0x10006bb9        0x3 
 .rodata.__func__.2
                0x10006bbc        0xd CMakeFiles/projetofinalembarcatech.dir/C_/Users/alberto/.pico-sdk/sdk/1.5.1/src/rp2_common/pico_runtime/runtime.c.obj
 .rodata._ftoa.str1.4
                0x10006bc9       0x15 CMakeFiles/projetofinalembarcatech.dir/C_/Users/alberto/.pico-sdk/sdk/1.5.1/src/rp2_common/pico_printf/printf.c.obj
 *fill*         0x10006bc9        0x3 
 .rodata._vsnprintf
                0x10006bcc      0x19c CMakeFiles/projetofinalembarcatech.dir/C_/Users/alberto/.pico-sdk/sdk/1.5.1/src/rp2_common/pico_printf/printf.c.obj
 .rodata.pow10.0
                0x10006d68       0x50 CMakeFiles/projetofinalembarcatech.dir/C_/Users/alberto/.pico-sdk/sdk/1.5.1/src/rp2_common/pico_printf/printf.c.obj
 .rodata.missing_double_func_shim.str1.4
                0x10006db8       0x18 CMakeFiles/projetofinalembarcatech.dir/C_/Users/alberto/.pico-sdk/sdk/1.5.1/src/rp2_common/pico_double/double_init_rom.c.obj
 .rodata.__aeabi_double_init.str1.4
                0x10006db8       0xa6 CMakeFiles/projetofinalembarcatech.dir/C_/Users/alberto/.pico-sdk/sdk/1.5.1/src/rp2_common/pico_double/double_init_rom.c.obj
 .rodata.__func__.0
                0x10006db8       0x14 CMakeFiles/projetofinalembarcatech.dir/C_/Users/alberto/.pico-sdk/sdk/1.5.1/src/rp2_common/pico_double/double_init_rom.c.obj
 .rodata.missing_float_func_shim.str1.4
                0x10006dcc        0x1 CMakeFiles/projetofinalembarcatech.dir/C_/Users/alberto/.pico-sdk/sdk/1.5.1/src/rp2_common/pico_float/float_init_rom.c.obj
 .rodata.__aeabi_float_init.str1.4
                0x10006dcc       0x84 CMakeFiles/projetofinalembarcatech.dir/C_/Users/alberto/.pico-sdk/sdk/1.5.1/src/rp2_common/pico_float/float_init_rom.c.obj
 .rodata.__func__.0
                0x10006dcc       0x13 CMakeFiles/projetofinalembarcatech.dir/C_/Users/alberto/.pico-sdk/sdk/1.5.1/src/rp2_common/pico_float/float_init_rom.c.obj
 .rodata.check_alloc.str1.4
                0x10006ddf        0xe CMakeFiles/projetofinalembarcatech.dir/C_/Users/alberto/.pico-sdk/sdk/1.5.1/src/rp2_common/pico_malloc/pico_malloc.c.obj
 .rodata.str1.4
                0x10006ddf       0x50 CMakeFiles/projetofinalembarcatech.dir/C_/Users/alberto/.pico-sdk/sdk/1.5.1/src/rp2_common/pico_standard_link/binary_info.c.obj
 *fill*         0x10006ddf        0x1 
 .rodata.__bi_81
                0x10006de0        0xc CMakeFiles/projetofinalembarcatech.dir/C_/Users/alberto/.pico-sdk/sdk/1.5.1/src/rp2_common/pico_standard_link/binary_info.c.obj
 .rodata.__bi_75
                0x10006dec        0xc CMakeFiles/projetofinalembarcatech.dir/C_/Users/alberto/.pico-sdk/sdk/1.5.1/src/rp2_common/pico_standard_link/binary_info.c.obj
 .rodata.__bi_56
                0x10006df8        0xc CMakeFiles/projetofinalembarcatech.dir/C_/Users/alberto/.pico-sdk/sdk/1.5.1/src/rp2_common/pico_standard_link/binary_info.c.obj
 .rodata.__bi_44
                0x10006e04        0xc CMakeFiles/projetofinalembarcatech.dir/C_/Users/alberto/.pico-sdk/sdk/1.5.1/src/rp2_common/pico_standard_link/binary_info.c.obj
 .rodata.update_us_since_boot.str1.4
                0x10006e10       0x6b CMakeFiles/projetofinalembarcatech.dir/C_/Users/alberto/.pico-sdk/sdk/1.5.1/src/rp2_common/pico_stdio/stdio.c.obj
 .rodata.crlf_str.2
                0x10006e10        0x2 CMakeFiles/projetofinalembarcatech.dir/C_/Users/alberto/.pico-sdk/sdk/1.5.1/src/rp2_common/pico_stdio/stdio.c.obj
 *fill*         0x10006e12        0x2 
 .rodata.__func__.3
                0x10006e14       0x15 CMakeFiles/projetofinalembarcatech.dir/C_/Users/alberto/.pico-sdk/sdk/1.5.1/src/rp2_common/pico_stdio/stdio.c.obj
 .rodata._pio_find_offset_for_program.str1.4
                0x10006e29       0x73 CMakeFiles/projetofinalembarcatech.dir/C_/Users/alberto/.pico-sdk/sdk/1.5.1/src/rp2_common/hardware_pio/pio.c.obj
 .rodata._pio_add_program_at_offset.str1.4
                0x10006e29       0x11 CMakeFiles/projetofinalembarcatech.dir/C_/Users/alberto/.pico-sdk/sdk/1.5.1/src/rp2_common/hardware_pio/pio.c.obj
 .rodata.pio_claim_unused_sm.str1.4
                0x10006e29       0x24 CMakeFiles/projetofinalembarcatech.dir/C_/Users/alberto/.pico-sdk/sdk/1.5.1/src/rp2_common/hardware_pio/pio.c.obj
 *fill*         0x10006e29        0x3 
 .rodata.__func__.1
                0x10006e2c       0x1d CMakeFiles/projetofinalembarcatech.dir/C_/Users/alberto/.pico-sdk/sdk/1.5.1/src/rp2_common/hardware_pio/pio.c.obj
 .rodata.i2c_set_baudrate.str1.4
                0x10006e49       0x67 CMakeFiles/projetofinalembarcatech.dir/C_/Users/alberto/.pico-sdk/sdk/1.5.1/src/rp2_common/hardware_i2c/i2c.c.obj
 *fill*         0x10006e49        0x3 
 .rodata.__func__.0
                0x10006e4c       0x11 CMakeFiles/projetofinalembarcatech.dir/C_/Users/alberto/.pico-sdk/sdk/1.5.1/src/rp2_common/hardware_i2c/i2c.c.obj
 *fill*         0x10006e5d        0x3 
 .rodata._ctype_
                0x10006e60      0x101 C:/Users/alberto/.pico-sdk/toolchain/13_2_Rel1/bin/../lib/gcc/arm-none-eabi/13.2.1/thumb/v6-m/nofp\libg.a(libc_a-ctype_.o)
                0x10006e60                _ctype_
                0x10006f64                        . = ALIGN (0x4)
 *fill*         0x10006f61        0x3 
 *(SORT_BY_ALIGNMENT(SORT_BY_NAME(.flashdata*)))
                0x10006f64                        . = ALIGN (0x4)

.ARM.extab
 *(.ARM.extab* .gnu.linkonce.armextab.*)
                0x10006f64                        __exidx_start = .

.ARM.exidx
 *(.ARM.exidx* .gnu.linkonce.armexidx.*)
                0x10006f64                        __exidx_end = .
                0x10006f64                        . = ALIGN (0x4)
                0x10006f64                        __binary_info_start = .

.binary_info    0x10006f64       0x20
 *(.binary_info.keep.*)
 .binary_info.keep.__bi_ptr81
                0x10006f64        0x4 CMakeFiles/projetofinalembarcatech.dir/C_/Users/alberto/.pico-sdk/sdk/1.5.1/src/rp2_common/pico_standard_link/binary_info.c.obj
 .binary_info.keep.__bi_ptr75
                0x10006f68        0x4 CMakeFiles/projetofinalembarcatech.dir/C_/Users/alberto/.pico-sdk/sdk/1.5.1/src/rp2_common/pico_standard_link/binary_info.c.obj
 .binary_info.keep.__bi_ptr56
                0x10006f6c        0x4 CMakeFiles/projetofinalembarcatech.dir/C_/Users/alberto/.pico-sdk/sdk/1.5.1/src/rp2_common/pico_standard_link/binary_info.c.obj
 .binary_info.keep.__bi_ptr50
                0x10006f70        0x4 CMakeFiles/projetofinalembarcatech.dir/C_/Users/alberto/.pico-sdk/sdk/1.5.1/src/rp2_common/pico_standard_link/binary_info.c.obj
 .binary_info.keep.__bi_ptr44
                0x10006f74        0x4 CMakeFiles/projetofinalembarcatech.dir/C_/Users/alberto/.pico-sdk/sdk/1.5.1/src/rp2_common/pico_standard_link/binary_info.c.obj
 .binary_info.keep.__bi_ptr38
                0x10006f78        0x4 CMakeFiles/projetofinalembarcatech.dir/C_/Users/alberto/.pico-sdk/sdk/1.5.1/src/rp2_common/pico_standard_link/binary_info.c.obj
 .binary_info.keep.__bi_ptr30
                0x10006f7c        0x4 CMakeFiles/projetofinalembarcatech.dir/C_/Users/alberto/.pico-sdk/sdk/1.5.1/src/rp2_common/pico_standard_link/binary_info.c.obj
 .binary_info.keep.__bi_ptr22
                0x10006f80        0x4 CMakeFiles/projetofinalembarcatech.dir/C_/Users/alberto/.pico-sdk/sdk/1.5.1/src/rp2_common/pico_standard_link/binary_info.c.obj
 *(.binary_info.*)
                0x10006f84                        __binary_info_end = .

.rel.dyn        0x10006f84        0x0
 .rel.iplt      0x10006f84        0x0 C:/Users/alberto/.pico-sdk/toolchain/13_2_Rel1/bin/../lib/gcc/arm-none-eabi/13.2.1/thumb/v6-m/nofp/crtbegin.o
                0x10006f84                        . = ALIGN (0x4)

.ram_vector_table
                0x20000000       0xc0
 *(.ram_vector_table)
 .ram_vector_table
                0x20000000       0xc0 CMakeFiles/projetofinalembarcatech.dir/C_/Users/alberto/.pico-sdk/sdk/1.5.1/src/rp2_common/pico_runtime/runtime.c.obj
                0x20000000                ram_vector_table

.data           0x200000c0      0x774 load address 0x10006f84
                0x200000c0                        __data_start__ = .
 *(vtable)
 *(.time_critical*)
 .time_critical.mutex_try_enter
                0x200000c0       0x46 CMakeFiles/projetofinalembarcatech.dir/C_/Users/alberto/.pico-sdk/sdk/1.5.1/src/common/pico_sync/mutex.c.obj
                0x200000c0                mutex_try_enter
 *fill*         0x20000106        0x2 
 .time_critical.mutex_enter_block_until
                0x20000108       0x8c CMakeFiles/projetofinalembarcatech.dir/C_/Users/alberto/.pico-sdk/sdk/1.5.1/src/common/pico_sync/mutex.c.obj
                0x20000108                mutex_enter_block_until
 .time_critical.mutex_try_enter_block_until
                0x20000194       0x34 CMakeFiles/projetofinalembarcatech.dir/C_/Users/alberto/.pico-sdk/sdk/1.5.1/src/common/pico_sync/mutex.c.obj
                0x20000194                mutex_try_enter_block_until
 .time_critical.mutex_exit
                0x200001c8       0x4c CMakeFiles/projetofinalembarcatech.dir/C_/Users/alberto/.pico-sdk/sdk/1.5.1/src/common/pico_sync/mutex.c.obj
                0x200001c8                mutex_exit
 *(.text*)
 .text          0x20000214        0x4 C:/Users/alberto/.pico-sdk/toolchain/13_2_Rel1/bin/../lib/gcc/arm-none-eabi/13.2.1/thumb/v6-m/nofp\libgcc.a(_dvmd_tls.o)
                0x20000214                __aeabi_idiv0
                0x20000214                __aeabi_ldiv0
 .text.__stub   0x20000218       0x20 linker stubs
                0x20000238                        . = ALIGN (0x4)
 *(.rodata*)
                0x20000238                        . = ALIGN (0x4)
 *(.data*)
 .data.tela     0x20000238        0x4 CMakeFiles/projetofinalembarcatech.dir/projetofinalembarcatech.c.obj
                0x20000238                tela
 .data.striped_spin_lock_num
                0x2000023c        0x1 CMakeFiles/projetofinalembarcatech.dir/C_/Users/alberto/.pico-sdk/sdk/1.5.1/src/rp2_common/hardware_sync/sync.c.obj
 *fill*         0x2000023d        0x3 
 .data          0x20000240       0x48 CMakeFiles/projetofinalembarcatech.dir/C_/Users/alberto/.pico-sdk/sdk/1.5.1/src/rp2_common/hardware_irq/irq_handler_chain.S.obj
                0x20000240                irq_handler_chain_slots
                0x20000270                irq_handler_chain_first_slot
                0x2000027a                irq_handler_chain_remove_tail
 .data.default_alarm_pool
                0x20000288       0x18 CMakeFiles/projetofinalembarcatech.dir/C_/Users/alberto/.pico-sdk/sdk/1.5.1/src/common/pico_time/time.c.obj
 .data.default_alarm_pool_heap
                0x200002a0       0x10 CMakeFiles/projetofinalembarcatech.dir/C_/Users/alberto/.pico-sdk/sdk/1.5.1/src/common/pico_time/time.c.obj
 .data.aeabi_bits_funcs
                0x200002b0       0x10 CMakeFiles/projetofinalembarcatech.dir/C_/Users/alberto/.pico-sdk/sdk/1.5.1/src/rp2_common/pico_bit_ops/bit_ops_aeabi.S.obj
                0x200002b0                aeabi_bits_funcs
                0x200002c0                aeabi_bits_funcs_end
 .data.aeabi_mem_funcs
                0x200002c0       0x10 CMakeFiles/projetofinalembarcatech.dir/C_/Users/alberto/.pico-sdk/sdk/1.5.1/src/rp2_common/pico_mem_ops/mem_ops_aeabi.S.obj
                0x200002c0                aeabi_mem_funcs
                0x200002d0                aeabi_mem_funcs_end
 .data.i2c1_inst
                0x200002d0        0x8 CMakeFiles/projetofinalembarcatech.dir/C_/Users/alberto/.pico-sdk/sdk/1.5.1/src/rp2_common/hardware_i2c/i2c.c.obj
                0x200002d0                i2c1_inst
 .data.i2c0_inst
                0x200002d8        0x8 CMakeFiles/projetofinalembarcatech.dir/C_/Users/alberto/.pico-sdk/sdk/1.5.1/src/rp2_common/hardware_i2c/i2c.c.obj
                0x200002d8                i2c0_inst
 .data.__malloc_sbrk_base
                0x200002e0        0x4 C:/Users/alberto/.pico-sdk/toolchain/13_2_Rel1/bin/../lib/gcc/arm-none-eabi/13.2.1/thumb/v6-m/nofp\libg.a(libc_a-mallocr.o)
                0x200002e0                __malloc_sbrk_base
 .data.__malloc_trim_threshold
                0x200002e4        0x4 C:/Users/alberto/.pico-sdk/toolchain/13_2_Rel1/bin/../lib/gcc/arm-none-eabi/13.2.1/thumb/v6-m/nofp\libg.a(libc_a-mallocr.o)
                0x200002e4                __malloc_trim_threshold
 .data.__malloc_av_
                0x200002e8      0x408 C:/Users/alberto/.pico-sdk/toolchain/13_2_Rel1/bin/../lib/gcc/arm-none-eabi/13.2.1/thumb/v6-m/nofp\libg.a(libc_a-mallocr.o)
                0x200002e8                __malloc_av_
 .data._impure_ptr
                0x200006f0        0x4 C:/Users/alberto/.pico-sdk/toolchain/13_2_Rel1/bin/../lib/gcc/arm-none-eabi/13.2.1/thumb/v6-m/nofp\libg.a(libc_a-impure.o)
                0x200006f0                _impure_ptr
 *fill*         0x200006f4        0x4 
 .data._impure_data
                0x200006f8      0x120 C:/Users/alberto/.pico-sdk/toolchain/13_2_Rel1/bin/../lib/gcc/arm-none-eabi/13.2.1/thumb/v6-m/nofp\libg.a(libc_a-impure.o)
                0x200006f8                _impure_data
                0x20000818                        . = ALIGN (0x4)
 *(.after_data.*)
                0x20000818                        . = ALIGN (0x4)
                0x20000818                        PROVIDE (__mutex_array_start = .)
 *(SORT_BY_NAME(.mutex_array.*))
 *(.mutex_array)
 .mutex_array   0x20000818        0x8 CMakeFiles/projetofinalembarcatech.dir/C_/Users/alberto/.pico-sdk/sdk/1.5.1/src/rp2_common/pico_stdio/stdio.c.obj
                0x20000820                        PROVIDE (__mutex_array_end = .)
                0x20000820                        . = ALIGN (0x4)
                0x20000820                        PROVIDE (__preinit_array_start = .)
 *(SORT_BY_NAME(.preinit_array.*))
 .preinit_array.00001
                0x20000820        0x4 CMakeFiles/projetofinalembarcatech.dir/C_/Users/alberto/.pico-sdk/sdk/1.5.1/src/rp2_common/pico_mem_ops/mem_ops_aeabi.S.obj
 .preinit_array.00010
                0x20000824        0x4 CMakeFiles/projetofinalembarcatech.dir/C_/Users/alberto/.pico-sdk/sdk/1.5.1/src/rp2_common/pico_bit_ops/bit_ops_aeabi.S.obj
 .preinit_array.00020
                0x20000828        0x4 CMakeFiles/projetofinalembarcatech.dir/C_/Users/alberto/.pico-sdk/sdk/1.5.1/src/rp2_common/pico_double/double_aeabi.S.obj
 .preinit_array.00020
                0x2000082c        0x4 CMakeFiles/projetofinalembarcatech.dir/C_/Users/alberto/.pico-sdk/sdk/1.5.1/src/rp2_common/pico_float/float_aeabi.S.obj
 *(.preinit_array)
                0x20000830                        PROVIDE (__preinit_array_end = .)
                0x20000830                        . = ALIGN (0x4)
                0x20000830                        PROVIDE (__init_array_start = .)
 *(SORT_BY_NAME(.init_array.*))
 *(.init_array)
 .init_array    0x20000830        0x4 C:/Users/alberto/.pico-sdk/toolchain/13_2_Rel1/bin/../lib/gcc/arm-none-eabi/13.2.1/thumb/v6-m/nofp/crtbegin.o
                0x20000834                        PROVIDE (__init_array_end = .)
                0x20000834                        . = ALIGN (0x4)
                [!provide]                        PROVIDE (__fini_array_start = .)
 *(SORT_BY_NAME(.fini_array.*))
 *(.fini_array)
                [!provide]                        PROVIDE (__fini_array_end = .)
 *(.jcr)
                0x20000834                        . = ALIGN (0x4)
                0x20000834                        __data_end__ = .
                0x10006f84                        __etext = LOADADDR (.data)

.tm_clone_table
                0x20000834        0x0 load address 0x100076f8
 .tm_clone_table
                0x20000834        0x0 C:/Users/alberto/.pico-sdk/toolchain/13_2_Rel1/bin/../lib/gcc/arm-none-eabi/13.2.1/thumb/v6-m/nofp/crtbegin.o
 .tm_clone_table
                0x20000834        0x0 C:/Users/alberto/.pico-sdk/toolchain/13_2_Rel1/bin/../lib/gcc/arm-none-eabi/13.2.1/thumb/v6-m/nofp/crtend.o

.igot.plt       0x20000834        0x0 load address 0x100076f8
 .igot.plt      0x20000834        0x0 C:/Users/alberto/.pico-sdk/toolchain/13_2_Rel1/bin/../lib/gcc/arm-none-eabi/13.2.1/thumb/v6-m/nofp/crtbegin.o

.uninitialized_data
                0x20000834        0x0 load address 0x100076f8
                0x20000834                        . = ALIGN (0x4)
 *(.uninitialized_data*)

.scratch_x      0x20040000        0x0 load address 0x100076f8
                0x20040000                        __scratch_x_start__ = .
 *(.scratch_x.*)
                0x20040000                        . = ALIGN (0x4)
                0x20040000                        __scratch_x_end__ = .
                0x100076f8                        __scratch_x_source__ = LOADADDR (.scratch_x)

.scratch_y      0x20041000        0x0 load address 0x100076f8
                0x20041000                        __scratch_y_start__ = .
 *(.scratch_y.*)
                0x20041000                        . = ALIGN (0x4)
                0x20041000                        __scratch_y_end__ = .
                0x100076f8                        __scratch_y_source__ = LOADADDR (.scratch_y)

.bss            0x20000838      0x5b4
                0x20000838                        . = ALIGN (0x4)
                0x20000838                        __bss_start__ = .
 *(SORT_BY_ALIGNMENT(SORT_BY_NAME(.bss*)))
 .bss.default_alarm_pool_entries
                0x20000838      0x100 CMakeFiles/projetofinalembarcatech.dir/C_/Users/alberto/.pico-sdk/sdk/1.5.1/src/common/pico_time/time.c.obj
 .bss.epoch_time_us_since_boot
                0x20000938        0x8 CMakeFiles/projetofinalembarcatech.dir/C_/Users/alberto/.pico-sdk/sdk/1.5.1/src/rp2_common/pico_runtime/runtime.c.obj
 .bss.__lock___malloc_recursive_mutex
                0x20000940        0x1 C:/Users/alberto/.pico-sdk/toolchain/13_2_Rel1/bin/../lib/gcc/arm-none-eabi/13.2.1/thumb/v6-m/nofp\libg.a(libc_a-lock.o)
                0x20000940                __lock___malloc_recursive_mutex
 *fill*         0x20000941        0x3 
 .bss.__malloc_current_mallinfo
                0x20000944       0x28 C:/Users/alberto/.pico-sdk/toolchain/13_2_Rel1/bin/../lib/gcc/arm-none-eabi/13.2.1/thumb/v6-m/nofp\libg.a(libc_a-mallocr.o)
                0x20000944                __malloc_current_mallinfo
 .bss.__malloc_max_sbrked_mem
                0x2000096c        0x4 C:/Users/alberto/.pico-sdk/toolchain/13_2_Rel1/bin/../lib/gcc/arm-none-eabi/13.2.1/thumb/v6-m/nofp\libg.a(libc_a-mallocr.o)
                0x2000096c                __malloc_max_sbrked_mem
 .bss.__malloc_max_total_mem
                0x20000970        0x4 C:/Users/alberto/.pico-sdk/toolchain/13_2_Rel1/bin/../lib/gcc/arm-none-eabi/13.2.1/thumb/v6-m/nofp\libg.a(libc_a-mallocr.o)
                0x20000970                __malloc_max_total_mem
 .bss.__malloc_top_pad
                0x20000974        0x4 C:/Users/alberto/.pico-sdk/toolchain/13_2_Rel1/bin/../lib/gcc/arm-none-eabi/13.2.1/thumb/v6-m/nofp\libg.a(libc_a-mallocr.o)
                0x20000974                __malloc_top_pad
 .bss.__sf      0x20000978      0x138 C:/Users/alberto/.pico-sdk/toolchain/13_2_Rel1/bin/../lib/gcc/arm-none-eabi/13.2.1/thumb/v6-m/nofp\libg.a(libc_a-findfp.o)
                0x20000978                __sf
 .bss._used_instruction_space
                0x20000ab0        0x8 CMakeFiles/projetofinalembarcatech.dir/C_/Users/alberto/.pico-sdk/sdk/1.5.1/src/rp2_common/hardware_pio/pio.c.obj
 .bss.alarm_callbacks
                0x20000ab8       0x10 CMakeFiles/projetofinalembarcatech.dir/C_/Users/alberto/.pico-sdk/sdk/1.5.1/src/rp2_common/hardware_timer/timer.c.obj
 .bss.callbacks
                0x20000ac8        0x8 CMakeFiles/projetofinalembarcatech.dir/C_/Users/alberto/.pico-sdk/sdk/1.5.1/src/rp2_common/hardware_gpio/gpio.c.obj
 .bss.configured_freq
                0x20000ad0       0x28 CMakeFiles/projetofinalembarcatech.dir/C_/Users/alberto/.pico-sdk/sdk/1.5.1/src/rp2_common/hardware_clocks/clocks.c.obj
 .bss.default_alarm_pool_entry_ids_high
                0x20000af8       0x10 CMakeFiles/projetofinalembarcatech.dir/C_/Users/alberto/.pico-sdk/sdk/1.5.1/src/common/pico_time/time.c.obj
 .bss.default_alarm_pool_heap_nodes
                0x20000b08       0x30 CMakeFiles/projetofinalembarcatech.dir/C_/Users/alberto/.pico-sdk/sdk/1.5.1/src/common/pico_time/time.c.obj
 .bss.drivers   0x20000b38        0x4 CMakeFiles/projetofinalembarcatech.dir/C_/Users/alberto/.pico-sdk/sdk/1.5.1/src/rp2_common/pico_stdio/stdio.c.obj
 .bss.errno     0x20000b3c        0x4 C:/Users/alberto/.pico-sdk/toolchain/13_2_Rel1/bin/../lib/gcc/arm-none-eabi/13.2.1/thumb/v6-m/nofp\libg.a(libc_a-reent.o)
                0x20000b3c                errno
 .bss.filter    0x20000b40        0x4 CMakeFiles/projetofinalembarcatech.dir/C_/Users/alberto/.pico-sdk/sdk/1.5.1/src/rp2_common/pico_stdio/stdio.c.obj
 .bss.heap_end.1
                0x20000b44        0x4 CMakeFiles/projetofinalembarcatech.dir/C_/Users/alberto/.pico-sdk/sdk/1.5.1/src/rp2_common/pico_runtime/runtime.c.obj
 .bss.leds      0x20000b48       0x4b CMakeFiles/projetofinalembarcatech.dir/projetofinalembarcatech.c.obj
                0x20000b48                leds
 *fill*         0x20000b93        0x1 
 .bss.np_pio    0x20000b94        0x4 CMakeFiles/projetofinalembarcatech.dir/projetofinalembarcatech.c.obj
                0x20000b94                np_pio
 .bss.object.0  0x20000b98       0x18 C:/Users/alberto/.pico-sdk/toolchain/13_2_Rel1/bin/../lib/gcc/arm-none-eabi/13.2.1/thumb/v6-m/nofp/crtbegin.o
 .bss.pools     0x20000bb0       0x10 CMakeFiles/projetofinalembarcatech.dir/C_/Users/alberto/.pico-sdk/sdk/1.5.1/src/common/pico_time/time.c.obj
 .bss.raw_irq_mask
                0x20000bc0        0x8 CMakeFiles/projetofinalembarcatech.dir/C_/Users/alberto/.pico-sdk/sdk/1.5.1/src/rp2_common/hardware_gpio/gpio.c.obj
 .bss.sd_table  0x20000bc8      0x100 CMakeFiles/projetofinalembarcatech.dir/C_/Users/alberto/.pico-sdk/sdk/1.5.1/src/rp2_common/pico_double/double_init_rom.c.obj
                0x20000bc8                sd_table
 .bss.sf_clz_func
                0x20000cc8        0x4 CMakeFiles/projetofinalembarcatech.dir/C_/Users/alberto/.pico-sdk/sdk/1.5.1/src/rp2_common/pico_double/double_init_rom.c.obj
                0x20000cc8                sf_clz_func
 .bss.sf_table  0x20000ccc      0x100 CMakeFiles/projetofinalembarcatech.dir/C_/Users/alberto/.pico-sdk/sdk/1.5.1/src/rp2_common/pico_float/float_init_rom.c.obj
                0x20000ccc                sf_table
 .bss.sleep_notifier
                0x20000dcc        0x4 CMakeFiles/projetofinalembarcatech.dir/C_/Users/alberto/.pico-sdk/sdk/1.5.1/src/common/pico_time/time.c.obj
 .bss.sm        0x20000dd0        0x4 CMakeFiles/projetofinalembarcatech.dir/projetofinalembarcatech.c.obj
                0x20000dd0                sm
 .bss.target_hi
                0x20000dd4       0x10 CMakeFiles/projetofinalembarcatech.dir/C_/Users/alberto/.pico-sdk/sdk/1.5.1/src/rp2_common/hardware_timer/timer.c.obj
 .bss.buzzer_state
                0x20000de4        0x1 CMakeFiles/projetofinalembarcatech.dir/projetofinalembarcatech.c.obj
                0x20000de4                buzzer_state
 .bss.claimed   0x20000de5        0x1 CMakeFiles/projetofinalembarcatech.dir/C_/Users/alberto/.pico-sdk/sdk/1.5.1/src/rp2_common/hardware_timer/timer.c.obj
 .bss.claimed   0x20000de6        0x1 CMakeFiles/projetofinalembarcatech.dir/C_/Users/alberto/.pico-sdk/sdk/1.5.1/src/rp2_common/hardware_pio/pio.c.obj
 .bss.irq_hander_chain_free_slot_head
                0x20000de7        0x1 CMakeFiles/projetofinalembarcatech.dir/C_/Users/alberto/.pico-sdk/sdk/1.5.1/src/rp2_common/hardware_irq/irq.c.obj
 .bss.timer_callbacks_pending
                0x20000de8        0x1 CMakeFiles/projetofinalembarcatech.dir/C_/Users/alberto/.pico-sdk/sdk/1.5.1/src/rp2_common/hardware_timer/timer.c.obj
 *(COMMON)
                0x20000dec                        . = ALIGN (0x4)
 *fill*         0x20000de9        0x3 
                0x20000dec                        __bss_end__ = .

.heap           0x20000dec      0x800
                0x20000dec                        __end__ = .
                0x20000dec                        end = __end__
 *(.heap*)
 .heap          0x20000dec      0x800 CMakeFiles/projetofinalembarcatech.dir/C_/Users/alberto/.pico-sdk/sdk/1.5.1/src/rp2_common/pico_standard_link/crt0.S.obj
                0x200015ec                        __HeapLimit = .

.stack1_dummy
 *(.stack1*)

.stack_dummy    0x20041000      0x800
 *(.stack*)
 .stack         0x20041000      0x800 CMakeFiles/projetofinalembarcatech.dir/C_/Users/alberto/.pico-sdk/sdk/1.5.1/src/rp2_common/pico_standard_link/crt0.S.obj

.flash_end      0x100076f8        0x0
                0x100076f8                        PROVIDE (__flash_binary_end = .)
                0x20040000                        __StackLimit = (ORIGIN (RAM) + LENGTH (RAM))
                0x20041000                        __StackOneTop = (ORIGIN (SCRATCH_X) + LENGTH (SCRATCH_X))
                0x20042000                        __StackTop = (ORIGIN (SCRATCH_Y) + LENGTH (SCRATCH_Y))
                0x20041000                        __StackOneBottom = (__StackOneTop - SIZEOF (.stack1_dummy))
                0x20041800                        __StackBottom = (__StackTop - SIZEOF (.stack_dummy))
                0x20042000                        PROVIDE (__stack = __StackTop)
                0x00000001                        ASSERT ((__StackLimit >= __HeapLimit), region RAM overflowed)
                0x00000001                        ASSERT (((__binary_info_header_end - __logical_binary_start) <= 0x100), Binary info must be in first 256 bytes of the binary)
LOAD CMakeFiles/projetofinalembarcatech.dir/projetofinalembarcatech.c.obj
LOAD CMakeFiles/projetofinalembarcatech.dir/inc/ssd1306_i2c.c.obj
LOAD CMakeFiles/projetofinalembarcatech.dir/C_/Users/alberto/.pico-sdk/sdk/1.5.1/src/rp2_common/pico_stdlib/stdlib.c.obj
LOAD CMakeFiles/projetofinalembarcatech.dir/C_/Users/alberto/.pico-sdk/sdk/1.5.1/src/rp2_common/hardware_gpio/gpio.c.obj
LOAD CMakeFiles/projetofinalembarcatech.dir/C_/Users/alberto/.pico-sdk/sdk/1.5.1/src/rp2_common/pico_platform/platform.c.obj
LOAD CMakeFiles/projetofinalembarcatech.dir/C_/Users/alberto/.pico-sdk/sdk/1.5.1/src/rp2_common/hardware_claim/claim.c.obj
LOAD CMakeFiles/projetofinalembarcatech.dir/C_/Users/alberto/.pico-sdk/sdk/1.5.1/src/rp2_common/hardware_sync/sync.c.obj
LOAD CMakeFiles/projetofinalembarcatech.dir/C_/Users/alberto/.pico-sdk/sdk/1.5.1/src/rp2_common/hardware_irq/irq.c.obj
LOAD CMakeFiles/projetofinalembarcatech.dir/C_/Users/alberto/.pico-sdk/sdk/1.5.1/src/rp2_common/hardware_irq/irq_handler_chain.S.obj
LOAD CMakeFiles/projetofinalembarcatech.dir/C_/Users/alberto/.pico-sdk/sdk/1.5.1/src/common/pico_sync/sem.c.obj
LOAD CMakeFiles/projetofinalembarcatech.dir/C_/Users/alberto/.pico-sdk/sdk/1.5.1/src/common/pico_sync/lock_core.c.obj
LOAD CMakeFiles/projetofinalembarcatech.dir/C_/Users/alberto/.pico-sdk/sdk/1.5.1/src/common/pico_sync/mutex.c.obj
LOAD CMakeFiles/projetofinalembarcatech.dir/C_/Users/alberto/.pico-sdk/sdk/1.5.1/src/common/pico_sync/critical_section.c.obj
LOAD CMakeFiles/projetofinalembarcatech.dir/C_/Users/alberto/.pico-sdk/sdk/1.5.1/src/common/pico_time/time.c.obj
LOAD CMakeFiles/projetofinalembarcatech.dir/C_/Users/alberto/.pico-sdk/sdk/1.5.1/src/common/pico_time/timeout_helper.c.obj
LOAD CMakeFiles/projetofinalembarcatech.dir/C_/Users/alberto/.pico-sdk/sdk/1.5.1/src/rp2_common/hardware_timer/timer.c.obj
LOAD CMakeFiles/projetofinalembarcatech.dir/C_/Users/alberto/.pico-sdk/sdk/1.5.1/src/common/pico_util/datetime.c.obj